<html>
<body>
<pre>
<h1>µVision Build Log</h1>
<h2>Tool Versions:</h2>
IDE-Version: ¦ÌVision V5.25.2.0
Copyright (C) 2018 ARM Ltd and ARM Germany GmbH. All rights reserved.
License Information: 1 DELL, 1, LIC=MPPLD-8R060-MML9I-TN1F1-JUCXR-XU4XE
 
Tool Versions:
Toolchain:       MDK-ARM Plus  Version: 5.25.2.0
Toolchain Path:  D:\keil\ARM\ARMCLANG\Bin
C Compiler:      ArmClang.exe V6.9
Assembler:       Armasm.exe V6.9
Linker/Locator:  ArmLink.exe V6.9
Library Manager: ArmAr.exe V6.9
Hex Converter:   FromElf.exe V6.9
CPU DLL:         SARMCM3.DLL V5.25.2.0
Dialog DLL:      DCM.DLL V1.17.1.0
Target DLL:      Segger\JL2CM3.dll V2.99.29.0
Dialog DLL:      TCM.DLL V1.35.1.0
 
<h2>Project:</h2>
D:\ywork\TEST-MCU\SPI_LCD_320x172_1.47inch\MDK-ARM\SPI_LCD_320x172_1.47inch.uvprojx
Project File Date:  08/09/2024

<h2>Output:</h2>
*** Using Compiler 'V6.9', folder: 'D:\keil\ARM\ARMCLANG\Bin'
Rebuild target 'SPI_LCD_320x172_1.47inch'
assembling startup_stm32g473xx.s...
compiling stm32g4xx_hal_msp.c...
compiling spi.c...
compiling stm32g4xx_hal_spi.c...
compiling main.c...
compiling gpio.c...
compiling stm32g4xx_it.c...
compiling lcd.c...
compiling stm32g4xx_hal_spi_ex.c...
compiling stm32g4xx_hal.c...
compiling stm32g4xx_hal_flash.c...
compiling stm32g4xx_hal_rcc_ex.c...
compiling stm32g4xx_hal_rcc.c...
compiling stm32g4xx_hal_flash_ex.c...
compiling stm32g4xx_hal_flash_ramfunc.c...
compiling stm32g4xx_hal_gpio.c...
compiling stm32g4xx_hal_exti.c...
compiling stm32g4xx_hal_pwr.c...
compiling stm32g4xx_hal_dma.c...
compiling stm32g4xx_hal_cortex.c...
compiling stm32g4xx_hal_dma_ex.c...
compiling stm32g4xx_hal_pwr_ex.c...
compiling stm32g4xx_hal_tim.c...
compiling stm32g4xx_hal_tim_ex.c...
compiling system_stm32g4xx.c...
linking...
Program Size: Code=13232 RO-data=112156 RW-data=16 ZI-data=1896  
FromELF: creating hex file...
"SPI_LCD_320x172_1.47inch\SPI_LCD_320x172_1.47inch" - 0 Error(s), 0 Warning(s).

<h2>Software Packages used:</h2>

Package Vendor: ARM
                http://www.keil.com/pack/ARM.CMSIS.5.3.0.pack
                ARM.CMSIS.5.3.0
                CMSIS (Cortex Microcontroller Software Interface Standard)
   * Component: CORE Version: 5.1.1

Package Vendor: Keil
                https://www.keil.com/pack/Keil.STM32G4xx_DFP.1.5.0.pack
                Keil.STM32G4xx_DFP.1.5.0
                STMicroelectronics STM32G4 Series Device Support, Drivers and Examples

<h2>Collection of Component include folders:</h2>
  .\RTE\_SPI_LCD_320x172_1.47inch
  D:\keil\ARM\PACK\ARM\CMSIS\5.3.0\CMSIS\Include
  D:\keil\ARM\PACK\Keil\STM32G4xx_DFP\1.5.0\Drivers\CMSIS\Device\ST\STM32G4xx\Include

<h2>Collection of Component Files used:</h2>

   * Component: ARM::CMSIS:CORE:5.1.1
Build Time Elapsed:  00:01:02
</pre>
</body>
</html>
