Component: ARM Compiler 6.9 Tool: armlink [5ced1b00]

==============================================================================

Section Cross References

    startup_stm32g473xx.o(RESET) refers to startup_stm32g473xx.o(STACK) for __initial_sp
    startup_stm32g473xx.o(RESET) refers to startup_stm32g473xx.o(.text) for Reset_Handler
    startup_stm32g473xx.o(RESET) refers to stm32g4xx_it.o(.text.NMI_Handler) for NMI_Handler
    startup_stm32g473xx.o(RESET) refers to stm32g4xx_it.o(.text.HardFault_Handler) for HardFault_Handler
    startup_stm32g473xx.o(RESET) refers to stm32g4xx_it.o(.text.MemManage_Handler) for MemManage_Handler
    startup_stm32g473xx.o(RESET) refers to stm32g4xx_it.o(.text.BusFault_Handler) for BusFault_Handler
    startup_stm32g473xx.o(RESET) refers to stm32g4xx_it.o(.text.UsageFault_Handler) for UsageFault_Handler
    startup_stm32g473xx.o(RESET) refers to stm32g4xx_it.o(.text.SVC_Handler) for SVC_Handler
    startup_stm32g473xx.o(RESET) refers to stm32g4xx_it.o(.text.DebugMon_Handler) for DebugMon_Handler
    startup_stm32g473xx.o(RESET) refers to stm32g4xx_it.o(.text.PendSV_Handler) for PendSV_Handler
    startup_stm32g473xx.o(RESET) refers to stm32g4xx_it.o(.text.SysTick_Handler) for SysTick_Handler
    startup_stm32g473xx.o(RESET) refers to stm32g4xx_it.o(.text.DMA1_Channel1_IRQHandler) for DMA1_Channel1_IRQHandler
    startup_stm32g473xx.o(RESET) refers to stm32g4xx_it.o(.text.ADC1_2_IRQHandler) for ADC1_2_IRQHandler
    startup_stm32g473xx.o(.text) refers to system_stm32g4xx.o(.text.SystemInit) for SystemInit
    startup_stm32g473xx.o(.text) refers to entry.o(.ARM.Collect$$$$00000000) for __main
    lcd.o(.ARM.exidx.text.swap_uint16) refers to lcd.o(.text.swap_uint16) for [Anonymous Symbol]
    lcd.o(.text.Lcd_WR_DATA8) refers to stm32g4xx_hal_gpio.o(.text.HAL_GPIO_WritePin) for HAL_GPIO_WritePin
    lcd.o(.text.Lcd_WR_DATA8) refers to stm32g4xx_hal_spi.o(.text.HAL_SPI_Transmit) for HAL_SPI_Transmit
    lcd.o(.text.Lcd_WR_DATA8) refers to spi.o(.bss.hspi1) for hspi1
    lcd.o(.ARM.exidx.text.Lcd_WR_DATA8) refers to lcd.o(.text.Lcd_WR_DATA8) for [Anonymous Symbol]
    lcd.o(.text.Lcd_WR_DATA) refers to stm32g4xx_hal_gpio.o(.text.HAL_GPIO_WritePin) for HAL_GPIO_WritePin
    lcd.o(.text.Lcd_WR_DATA) refers to stm32g4xx_hal_spi.o(.text.HAL_SPI_Transmit) for HAL_SPI_Transmit
    lcd.o(.text.Lcd_WR_DATA) refers to spi.o(.bss.hspi1) for hspi1
    lcd.o(.ARM.exidx.text.Lcd_WR_DATA) refers to lcd.o(.text.Lcd_WR_DATA) for [Anonymous Symbol]
    lcd.o(.text.Lcd_WR_DATA_chunk) refers to stm32g4xx_hal_gpio.o(.text.HAL_GPIO_WritePin) for HAL_GPIO_WritePin
    lcd.o(.text.Lcd_WR_DATA_chunk) refers to stm32g4xx_hal_spi.o(.text.HAL_SPI_Transmit) for HAL_SPI_Transmit
    lcd.o(.text.Lcd_WR_DATA_chunk) refers to spi.o(.bss.hspi1) for hspi1
    lcd.o(.ARM.exidx.text.Lcd_WR_DATA_chunk) refers to lcd.o(.text.Lcd_WR_DATA_chunk) for [Anonymous Symbol]
    lcd.o(.text.Lcd_WR_REG) refers to stm32g4xx_hal_gpio.o(.text.HAL_GPIO_WritePin) for HAL_GPIO_WritePin
    lcd.o(.text.Lcd_WR_REG) refers to stm32g4xx_hal_spi.o(.text.HAL_SPI_Transmit) for HAL_SPI_Transmit
    lcd.o(.text.Lcd_WR_REG) refers to spi.o(.bss.hspi1) for hspi1
    lcd.o(.ARM.exidx.text.Lcd_WR_REG) refers to lcd.o(.text.Lcd_WR_REG) for [Anonymous Symbol]
    lcd.o(.text.Lcd_Address_Set) refers to lcd.o(.text.Lcd_WR_REG) for Lcd_WR_REG
    lcd.o(.text.Lcd_Address_Set) refers to lcd.o(.text.Lcd_WR_DATA) for Lcd_WR_DATA
    lcd.o(.ARM.exidx.text.Lcd_Address_Set) refers to lcd.o(.text.Lcd_Address_Set) for [Anonymous Symbol]
    lcd.o(.text.Lcd_Init) refers to stm32g4xx_hal_gpio.o(.text.HAL_GPIO_WritePin) for HAL_GPIO_WritePin
    lcd.o(.text.Lcd_Init) refers to stm32g4xx_hal.o(.text.HAL_Delay) for HAL_Delay
    lcd.o(.text.Lcd_Init) refers to lcd.o(.text.Lcd_WR_REG) for Lcd_WR_REG
    lcd.o(.text.Lcd_Init) refers to lcd.o(.text.Lcd_WR_DATA8) for Lcd_WR_DATA8
    lcd.o(.ARM.exidx.text.Lcd_Init) refers to lcd.o(.text.Lcd_Init) for [Anonymous Symbol]
    lcd.o(.text.Lcd_Clear) refers to lcd.o(.text.Lcd_Address_Set) for Lcd_Address_Set
    lcd.o(.text.Lcd_Clear) refers to stm32g4xx_hal_gpio.o(.text.HAL_GPIO_WritePin) for HAL_GPIO_WritePin
    lcd.o(.text.Lcd_Clear) refers to stm32g4xx_hal_spi.o(.text.HAL_SPI_Transmit) for HAL_SPI_Transmit
    lcd.o(.text.Lcd_Clear) refers to lcd.o(.bss.line) for [Anonymous Symbol]
    lcd.o(.text.Lcd_Clear) refers to spi.o(.bss.hspi1) for hspi1
    lcd.o(.ARM.exidx.text.Lcd_Clear) refers to lcd.o(.text.Lcd_Clear) for [Anonymous Symbol]
    lcd.o(.text.Lcd_DrawPoint) refers to lcd.o(.text.Lcd_Address_Set) for Lcd_Address_Set
    lcd.o(.text.Lcd_DrawPoint) refers to lcd.o(.text.Lcd_WR_DATA) for Lcd_WR_DATA
    lcd.o(.ARM.exidx.text.Lcd_DrawPoint) refers to lcd.o(.text.Lcd_DrawPoint) for [Anonymous Symbol]
    lcd.o(.text.Lcd_Fill) refers to lcd.o(.text.Lcd_Address_Set) for Lcd_Address_Set
    lcd.o(.text.Lcd_Fill) refers to lcd.o(.text.Lcd_WR_DATA) for Lcd_WR_DATA
[...]
    ../clib/microlib/init/entry.s            0x00000000   Number         0  entry.o ABSOLUTE
    ../clib/microlib/init/entry.s            0x00000000   Number         0  entry10b.o ABSOLUTE
    ../clib/microlib/init/entry.s            0x00000000   Number         0  entry7a.o ABSOLUTE
    ../clib/microlib/init/entry.s            0x00000000   Number         0  entry7b.o ABSOLUTE
    ../clib/microlib/init/entry.s            0x00000000   Number         0  entry9a.o ABSOLUTE
    ../clib/microlib/init/entry.s            0x00000000   Number         0  entry9b.o ABSOLUTE
    ../clib/microlib/init/entry.s            0x00000000   Number         0  entry10a.o ABSOLUTE
    ../clib/microlib/init/entry.s            0x00000000   Number         0  entry2.o ABSOLUTE
    ../clib/microlib/init/entry.s            0x00000000   Number         0  entry5.o ABSOLUTE
    ../clib/microlib/init/entry.s            0x00000000   Number         0  entry11b.o ABSOLUTE
    ../clib/microlib/longlong.c              0x00000000   Number         0  llushr.o ABSOLUTE
    ../clib/microlib/longlong.c              0x00000000   Number         0  llshl.o ABSOLUTE
    ../clib/microlib/longlong.c              0x00000000   Number         0  llsshr.o ABSOLUTE
    ../clib/microlib/printf/printf.c         0x00000000   Number         0  printfa.o ABSOLUTE
    ../clib/microlib/stdio/fputc.c           0x00000000   Number         0  fputc.o ABSOLUTE
    ../clib/microlib/stdio/fputc.c           0x00000000   Number         0  fputc_h.o ABSOLUTE
    ../clib/microlib/stdio/semi.s            0x00000000   Number         0  semi.o ABSOLUTE
    ../clib/microlib/stdio/streams.c         0x00000000   Number         0  stdout.o ABSOLUTE
    ../clib/microlib/string/memset.c         0x00000000   Number         0  memseta.o ABSOLUTE
    ../clib/microlib/stubs.s                 0x00000000   Number         0  iusefp.o ABSOLUTE
    ../clib/microlib/stubs.s                 0x00000000   Number         0  iusesemip.o ABSOLUTE
    ../fplib/microlib/d2f.c                  0x00000000   Number         0  d2f.o ABSOLUTE
    ../fplib/microlib/f2d.c                  0x00000000   Number         0  f2d.o ABSOLUTE
    ../fplib/microlib/fpadd.c                0x00000000   Number         0  dadd.o ABSOLUTE
    ../fplib/microlib/fpdiv.c                0x00000000   Number         0  ddiv.o ABSOLUTE
    ../fplib/microlib/fpepilogue.c           0x00000000   Number         0  fepilogue.o ABSOLUTE
    ../fplib/microlib/fpepilogue.c           0x00000000   Number         0  depilogue.o ABSOLUTE
    ../fplib/microlib/fpfix.c                0x00000000   Number         0  dfixul.o ABSOLUTE
    ../fplib/microlib/fpmul.c                0x00000000   Number         0  dmul.o ABSOLUTE
    ../mathlib/fabs.c                        0x00000000   Number         0  fabs.o ABSOLUTE
    adc.c                                    0x00000000   Number         0  adc.o ABSOLUTE
    cdrcmple.s                               0x00000000   Number         0  cdrcmple.o ABSOLUTE
    dc.s                                     0x00000000   Number         0  dc.o ABSOLUTE
    dma.c                                    0x00000000   Number         0  dma.o ABSOLUTE
    gpio.c                                   0x00000000   Number         0  gpio.o ABSOLUTE
    handlers.s                               0x00000000   Number         0  handlers.o ABSOLUTE
    init.s                                   0x00000000   Number         0  init.o ABSOLUTE
    lcd.c                                    0x00000000   Number         0  lcd.o ABSOLUTE
    main.c                                   0x00000000   Number         0  main.o ABSOLUTE
    spi.c                                    0x00000000   Number         0  spi.o ABSOLUTE
    startup_stm32g473xx.s                    0x00000000   Number         0  startup_stm32g473xx.o ABSOLUTE
    stm32g4xx_hal.c                          0x00000000   Number         0  stm32g4xx_hal.o ABSOLUTE
    stm32g4xx_hal_adc.c                      0x00000000   Number         0  stm32g4xx_hal_adc.o ABSOLUTE
    stm32g4xx_hal_adc_ex.c                   0x00000000   Number         0  stm32g4xx_hal_adc_ex.o ABSOLUTE
    stm32g4xx_hal_cortex.c                   0x00000000   Number         0  stm32g4xx_hal_cortex.o ABSOLUTE
    stm32g4xx_hal_dma.c                      0x00000000   Number         0  stm32g4xx_hal_dma.o ABSOLUTE
    stm32g4xx_hal_dma_ex.c                   0x00000000   Number         0  stm32g4xx_hal_dma_ex.o ABSOLUTE
    stm32g4xx_hal_exti.c                     0x00000000   Number         0  stm32g4xx_hal_exti.o ABSOLUTE
    stm32g4xx_hal_flash.c                    0x00000000   Number         0  stm32g4xx_hal_flash.o ABSOLUTE
    stm32g4xx_hal_flash_ex.c                 0x00000000   Number         0  stm32g4xx_hal_flash_ex.o ABSOLUTE
    stm32g4xx_hal_flash_ramfunc.c            0x00000000   Number         0  stm32g4xx_hal_flash_ramfunc.o ABSOLUTE
    stm32g4xx_hal_gpio.c                     0x00000000   Number         0  stm32g4xx_hal_gpio.o ABSOLUTE
    stm32g4xx_hal_msp.c                      0x00000000   Number         0  stm32g4xx_hal_msp.o ABSOLUTE
    stm32g4xx_hal_pwr.c                      0x00000000   Number         0  stm32g4xx_hal_pwr.o ABSOLUTE
    stm32g4xx_hal_pwr_ex.c                   0x00000000   Number         0  stm32g4xx_hal_pwr_ex.o ABSOLUTE
    stm32g4xx_hal_rcc.c                      0x00000000   Number         0  stm32g4xx_hal_rcc.o ABSOLUTE
    stm32g4xx_hal_rcc_ex.c                   0x00000000   Number         0  stm32g4xx_hal_rcc_ex.o ABSOLUTE
    stm32g4xx_hal_spi.c                      0x00000000   Number         0  stm32g4xx_hal_spi.o ABSOLUTE
    stm32g4xx_hal_spi_ex.c                   0x00000000   Number         0  stm32g4xx_hal_spi_ex.o ABSOLUTE
    stm32g4xx_hal_tim.c                      0x00000000   Number         0  stm32g4xx_hal_tim.o ABSOLUTE
    stm32g4xx_hal_tim_ex.c                   0x00000000   Number         0  stm32g4xx_hal_tim_ex.o ABSOLUTE
    stm32g4xx_hal_uart.c                     0x00000000   Number         0  stm32g4xx_hal_uart.o ABSOLUTE
    stm32g4xx_hal_uart_ex.c                  0x00000000   Number         0  stm32g4xx_hal_uart_ex.o ABSOLUTE
    stm32g4xx_it.c                           0x00000000   Number         0  stm32g4xx_it.o ABSOLUTE
    stm32g4xx_ll_adc.c                       0x00000000   Number         0  stm32g4xx_ll_adc.o ABSOLUTE
    switch.c                                 0x00000000   Number         0  switch.o ABSOLUTE
    system_stm32g4xx.c                       0x00000000   Number         0  system_stm32g4xx.o ABSOLUTE
    temperature.c                            0x00000000   Number         0  temperature.o ABSOLUTE
    usart.c                                  0x00000000   Number         0  usart.o ABSOLUTE
    RESET                                    0x08000000   Section      472  startup_stm32g473xx.o(RESET)
    .ARM.Collect$$$$00000000                 0x080001d8   Section        0  entry.o(.ARM.Collect$$$$00000000)
    .ARM.Collect$$$$00000001                 0x080001d8   Section        4  entry2.o(.ARM.Collect$$$$00000001)
    .ARM.Collect$$$$00000004                 0x080001dc   Section        4  entry5.o(.ARM.Collect$$$$00000004)
    .ARM.Collect$$$$00000008                 0x080001e0   Section        0  entry7b.o(.ARM.Collect$$$$00000008)
    .ARM.Collect$$$$0000000A                 0x080001e0   Section        0  entry8b.o(.ARM.Collect$$$$0000000A)
    .ARM.Collect$$$$0000000B                 0x080001e0   Section        8  entry9a.o(.ARM.Collect$$$$0000000B)
    .ARM.Collect$$$$0000000D                 0x080001e8   Section        0  entry10a.o(.ARM.Collect$$$$0000000D)
    .ARM.Collect$$$$0000000F                 0x080001e8   Section        0  entry11a.o(.ARM.Collect$$$$0000000F)
    .ARM.Collect$$$$00002712                 0x080001e8   Section        4  entry2.o(.ARM.Collect$$$$00002712)
    __lit__00000000                          0x080001e8   Data           4  entry2.o(.ARM.Collect$$$$00002712)
    .text                                    0x080001ec   Section       36  startup_stm32g473xx.o(.text)
    $v0                                      0x080001ec   Number         0  startup_stm32g473xx.o(.text)
    .text                                    0x08000210   Section        0  uldiv.o(.text)
    .text                                    0x08000272   Section        0  memseta.o(.text)
    .text                                    0x08000296   Section        0  f2d.o(.text)
    .text                                    0x080002bc   Section        0  d2f.o(.text)
    .text                                    0x080002f4   Section        0  uidiv.o(.text)
    .text                                    0x08000320   Section        0  llshl.o(.text)
    .text                                    0x0800033e   Section        0  llushr.o(.text)
    .text                                    0x0800035e   Section        0  fepilogue.o(.text)
    .text                                    0x0800035e   Section        0  iusefp.o(.text)
    .text                                    0x080003cc   Section        0  dadd.o(.text)
    .text                                    0x0800051a   Section        0  dmul.o(.text)
    .text                                    0x080005fe   Section        0  ddiv.o(.text)
    .text                                    0x080006dc   Section        0  dfixul.o(.text)
    .text                                    0x0800070c   Section       48  cdrcmple.o(.text)
    .text                                    0x0800073c   Section       36  init.o(.text)
    .text                                    0x08000760   Section        0  llsshr.o(.text)
    .text                                    0x08000784   Section        0  depilogue.o(.text)
    [Anonymous Symbol]                       0x08000840   Section        0  stm32g4xx_it.o(.text.ADC1_2_IRQHandler)
    __arm_cp.10_0                            0x08000848   Number         4  stm32g4xx_it.o(.text.ADC1_2_IRQHandler)
    [Anonymous Symbol]                       0x0800084c   Section        0  stm32g4xx_hal_adc.o(.text.ADC_DMAConvCplt)
    [Anonymous Symbol]                       0x080008b0   Section        0  stm32g4xx_hal_adc.o(.text.ADC_DMAError)
    [Anonymous Symbol]                       0x080008c6   Section        0  stm32g4xx_hal_adc.o(.text.ADC_DMAHalfConvCplt)
    [Anonymous Symbol]                       0x080008cc   Section        0  stm32g4xx_hal_adc.o(.text.ADC_Disable)
    [Anonymous Symbol]                       0x0800093c   Section        0  stm32g4xx_hal_adc.o(.text.ADC_Enable)
    __arm_cp.7_0                             0x080009f8   Number         4  stm32g4xx_hal_adc.o(.text.ADC_Enable)
    __arm_cp.7_2                             0x080009fc   Number         4  stm32g4xx_hal_adc.o(.text.ADC_Enable)
    __arm_cp.7_3                             0x08000a00   Number         4  stm32g4xx_hal_adc.o(.text.ADC_Enable)
    [Anonymous Symbol]                       0x08000a04   Section        0  stm32g4xx_it.o(.text.BusFault_Handler)
    [Anonymous Symbol]                       0x08000a08   Section        0  stm32g4xx_it.o(.text.DMA1_Channel1_IRQHandler)
    __arm_cp.9_0                             0x08000a10   Number         4  stm32g4xx_it.o(.text.DMA1_Channel1_IRQHandler)
    [Anonymous Symbol]                       0x08000a14   Section        0  stm32g4xx_hal_dma.o(.text.DMA_CalcDMAMUXChannelBaseAndMask)
    DMA_CalcDMAMUXChannelBaseAndMask         0x08000a15   Thumb Code    72  stm32g4xx_hal_dma.o(.text.DMA_CalcDMAMUXChannelBaseAndMask)
    __arm_cp.1_0                             0x08000a58   Number         4  stm32g4xx_hal_dma.o(.text.DMA_CalcDMAMUXChannelBaseAndMask)
    [Anonymous Symbol]                       0x08000a5c   Section        0  stm32g4xx_hal_dma.o(.text.DMA_CalcDMAMUXRequestGenBaseAndMask)
    DMA_CalcDMAMUXRequestGenBaseAndMask      0x08000a5d   Thumb Code    36  stm32g4xx_hal_dma.o(.text.DMA_CalcDMAMUXRequestGenBaseAndMask)
    __arm_cp.2_0                             0x08000a7c   Number         4  stm32g4xx_hal_dma.o(.text.DMA_CalcDMAMUXRequestGenBaseAndMask)
    [Anonymous Symbol]                       0x08000a80   Section        0  stm32g4xx_hal_dma.o(.text.DMA_SetConfig)
    DMA_SetConfig                            0x08000a81   Thumb Code    70  stm32g4xx_hal_dma.o(.text.DMA_SetConfig)
    [Anonymous Symbol]                       0x08000ac6   Section        0  stm32g4xx_it.o(.text.DebugMon_Handler)
    [Anonymous Symbol]                       0x08000ac8   Section        0  main.o(.text.Error_Handler)
    [Anonymous Symbol]                       0x08000ad0   Section        0  temperature.o(.text.GetTemperature)
    __arm_cp.4_1                             0x08000af4   Number         4  temperature.o(.text.GetTemperature)
    [Anonymous Symbol]                       0x08000af8   Section        0  stm32g4xx_hal_adc_ex.o(.text.HAL_ADCEx_Calibration_Start)
    __arm_cp.0_0                             0x08000b80   Number         4  stm32g4xx_hal_adc_ex.o(.text.HAL_ADCEx_Calibration_Start)
    __arm_cp.0_1                             0x08000b84   Number         4  stm32g4xx_hal_adc_ex.o(.text.HAL_ADCEx_Calibration_Start)
    [Anonymous Symbol]                       0x08000b88   Section        0  stm32g4xx_hal_adc_ex.o(.text.HAL_ADCEx_EndOfSamplingCallback)
    [Anonymous Symbol]                       0x08000b8a   Section        0  stm32g4xx_hal_adc_ex.o(.text.HAL_ADCEx_InjectedConvCpltCallback)
    [Anonymous Symbol]                       0x08000b8c   Section        0  stm32g4xx_hal_adc_ex.o(.text.HAL_ADCEx_InjectedQueueOverflowCallback)
    [Anonymous Symbol]                       0x08000b8e   Section        0  stm32g4xx_hal_adc_ex.o(.text.HAL_ADCEx_LevelOutOfWindow2Callback)
    [Anonymous Symbol]                       0x08000b90   Section        0  stm32g4xx_hal_adc_ex.o(.text.HAL_ADCEx_LevelOutOfWindow3Callback)
    [Anonymous Symbol]                       0x08000b94   Section        0  stm32g4xx_hal_adc_ex.o(.text.HAL_ADCEx_MultiModeConfigChannel)
    __arm_cp.23_0                            0x08000c9c   Number         4  stm32g4xx_hal_adc_ex.o(.text.HAL_ADCEx_MultiModeConfigChannel)
    __arm_cp.23_1                            0x08000ca0   Number         4  stm32g4xx_hal_adc_ex.o(.text.HAL_ADCEx_MultiModeConfigChannel)
    __arm_cp.23_2                            0x08000ca4   Number         4  stm32g4xx_hal_adc_ex.o(.text.HAL_ADCEx_MultiModeConfigChannel)
    [Anonymous Symbol]                       0x08000ca8   Section        0  stm32g4xx_hal_adc.o(.text.HAL_ADC_ConfigChannel)
    __arm_cp.26_0                            0x08000fd8   Number         4  stm32g4xx_hal_adc.o(.text.HAL_ADC_ConfigChannel)
    __arm_cp.26_1                            0x08000fdc   Number         4  stm32g4xx_hal_adc.o(.text.HAL_ADC_ConfigChannel)
    __arm_cp.26_2                            0x08000fe0   Number         4  stm32g4xx_hal_adc.o(.text.HAL_ADC_ConfigChannel)
    __arm_cp.26_3                            0x08000fe4   Number         4  stm32g4xx_hal_adc.o(.text.HAL_ADC_ConfigChannel)
    __arm_cp.26_4                            0x08000fe8   Number         4  stm32g4xx_hal_adc.o(.text.HAL_ADC_ConfigChannel)
    __arm_cp.26_5                            0x08000fec   Number         4  stm32g4xx_hal_adc.o(.text.HAL_ADC_ConfigChannel)
    __arm_cp.26_6                            0x08000ff0   Number         4  stm32g4xx_hal_adc.o(.text.HAL_ADC_ConfigChannel)
    __arm_cp.26_7                            0x08000ff4   Number         4  stm32g4xx_hal_adc.o(.text.HAL_ADC_ConfigChannel)
    __arm_cp.26_8                            0x08000ff8   Number         4  stm32g4xx_hal_adc.o(.text.HAL_ADC_ConfigChannel)
    __arm_cp.26_9                            0x08000ffc   Number         4  stm32g4xx_hal_adc.o(.text.HAL_ADC_ConfigChannel)
    __arm_cp.26_10                           0x08001000   Number         4  stm32g4xx_hal_adc.o(.text.HAL_ADC_ConfigChannel)
    __arm_cp.26_11                           0x08001004   Number         4  stm32g4xx_hal_adc.o(.text.HAL_ADC_ConfigChannel)
    [Anonymous Symbol]                       0x08001008   Section        0  stm32g4xx_hal_adc.o(.text.HAL_ADC_ConvCpltCallback)
    [Anonymous Symbol]                       0x0800100a   Section        0  stm32g4xx_hal_adc.o(.text.HAL_ADC_ConvHalfCpltCallback)
    [Anonymous Symbol]                       0x0800100c   Section        0  stm32g4xx_hal_adc.o(.text.HAL_ADC_ErrorCallback)
    [Anonymous Symbol]                       0x08001010   Section        0  stm32g4xx_hal_adc.o(.text.HAL_ADC_IRQHandler)
    __arm_cp.21_0                            0x080012c0   Number         4  stm32g4xx_hal_adc.o(.text.HAL_ADC_IRQHandler)
    __arm_cp.21_1                            0x080012c4   Number         4  stm32g4xx_hal_adc.o(.text.HAL_ADC_IRQHandler)
    [Anonymous Symbol]                       0x080012c8   Section        0  stm32g4xx_hal_adc.o(.text.HAL_ADC_Init)
    __arm_cp.0_0                             0x080014b8   Number         4  stm32g4xx_hal_adc.o(.text.HAL_ADC_Init)
    __arm_cp.0_1                             0x080014bc   Number         4  stm32g4xx_hal_adc.o(.text.HAL_ADC_Init)
    __arm_cp.0_2                             0x080014c0   Number         4  stm32g4xx_hal_adc.o(.text.HAL_ADC_Init)
    __arm_cp.0_3                             0x080014c4   Number         4  stm32g4xx_hal_adc.o(.text.HAL_ADC_Init)
    __arm_cp.0_5                             0x080014c8   Number         4  stm32g4xx_hal_adc.o(.text.HAL_ADC_Init)
    __arm_cp.0_6                             0x080014cc   Number         4  stm32g4xx_hal_adc.o(.text.HAL_ADC_Init)
    [Anonymous Symbol]                       0x080014d0   Section        0  stm32g4xx_hal_adc.o(.text.HAL_ADC_LevelOutOfWindowCallback)
    [Anonymous Symbol]                       0x080014d4   Section        0  adc.o(.text.HAL_ADC_MspInit)
    __arm_cp.1_0                             0x080015e8   Number         4  adc.o(.text.HAL_ADC_MspInit)
    __arm_cp.1_1                             0x080015ec   Number         4  adc.o(.text.HAL_ADC_MspInit)
    __arm_cp.1_2                             0x080015f0   Number         4  adc.o(.text.HAL_ADC_MspInit)
    __arm_cp.1_3                             0x080015f4   Number         4  adc.o(.text.HAL_ADC_MspInit)
    __arm_cp.1_4                             0x080015f8   Number         4  adc.o(.text.HAL_ADC_MspInit)
    [Anonymous Symbol]                       0x080015fc   Section        0  stm32g4xx_hal_adc.o(.text.HAL_ADC_Start_DMA)
    __arm_cp.13_0                            0x08001704   Number         4  stm32g4xx_hal_adc.o(.text.HAL_ADC_Start_DMA)
    __arm_cp.13_1                            0x08001708   Number         4  stm32g4xx_hal_adc.o(.text.HAL_ADC_Start_DMA)
    __arm_cp.13_2                            0x0800170c   Number         4  stm32g4xx_hal_adc.o(.text.HAL_ADC_Start_DMA)
    __arm_cp.13_3                            0x08001710   Number         4  stm32g4xx_hal_adc.o(.text.HAL_ADC_Start_DMA)
    __arm_cp.13_4                            0x08001714   Number         4  stm32g4xx_hal_adc.o(.text.HAL_ADC_Start_DMA)
    __arm_cp.13_5                            0x08001718   Number         4  stm32g4xx_hal_adc.o(.text.HAL_ADC_Start_DMA)
    [Anonymous Symbol]                       0x0800171c   Section        0  stm32g4xx_hal_dma.o(.text.HAL_DMA_IRQHandler)
    [Anonymous Symbol]                       0x080017c8   Section        0  stm32g4xx_hal_dma.o(.text.HAL_DMA_Init)
    __arm_cp.0_0                             0x08001880   Number         4  stm32g4xx_hal_dma.o(.text.HAL_DMA_Init)
    __arm_cp.0_1                             0x08001884   Number         4  stm32g4xx_hal_dma.o(.text.HAL_DMA_Init)
    [Anonymous Symbol]                       0x08001888   Section        0  stm32g4xx_hal_dma.o(.text.HAL_DMA_Start_IT)
    [Anonymous Symbol]                       0x08001914   Section        0  stm32g4xx_hal.o(.text.HAL_Delay)
    [Anonymous Symbol]                       0x08001934   Section        0  stm32g4xx_hal_gpio.o(.text.HAL_GPIO_Init)
    __arm_cp.0_0                             0x08001ab8   Number         4  stm32g4xx_hal_gpio.o(.text.HAL_GPIO_Init)
    __arm_cp.0_1                             0x08001abc   Number         4  stm32g4xx_hal_gpio.o(.text.HAL_GPIO_Init)
    __arm_cp.0_2                             0x08001ac0   Number         4  stm32g4xx_hal_gpio.o(.text.HAL_GPIO_Init)
    __arm_cp.0_3                             0x08001ac4   Number         4  stm32g4xx_hal_gpio.o(.text.HAL_GPIO_Init)
    __arm_cp.0_4                             0x08001ac8   Number         4  stm32g4xx_hal_gpio.o(.text.HAL_GPIO_Init)
    __arm_cp.0_5                             0x08001acc   Number         4  stm32g4xx_hal_gpio.o(.text.HAL_GPIO_Init)
    [Anonymous Symbol]                       0x08001ad0   Section        0  stm32g4xx_hal_gpio.o(.text.HAL_GPIO_WritePin)
    [Anonymous Symbol]                       0x08001ae0   Section        0  stm32g4xx_hal.o(.text.HAL_GetTick)
    [Anonymous Symbol]                       0x08001ae8   Section        0  stm32g4xx_hal.o(.text.HAL_IncTick)
    [Anonymous Symbol]                       0x08001af4   Section        0  stm32g4xx_hal.o(.text.HAL_Init)
    [Anonymous Symbol]                       0x08001b10   Section        0  stm32g4xx_hal.o(.text.HAL_InitTick)
    __arm_cp.1_0                             0x08001b50   Number         4  stm32g4xx_hal.o(.text.HAL_InitTick)
    [Anonymous Symbol]                       0x08001b54   Section        0  stm32g4xx_hal_msp.o(.text.HAL_MspInit)
    __arm_cp.0_0                             0x08001b84   Number         4  stm32g4xx_hal_msp.o(.text.HAL_MspInit)
    [Anonymous Symbol]                       0x08001b88   Section        0  stm32g4xx_hal_cortex.o(.text.HAL_NVIC_EnableIRQ)
    __arm_cp.2_0                             0x08001ba0   Number         4  stm32g4xx_hal_cortex.o(.text.HAL_NVIC_EnableIRQ)
    [Anonymous Symbol]                       0x08001ba4   Section        0  stm32g4xx_hal_cortex.o(.text.HAL_NVIC_SetPriority)
    __arm_cp.1_0                             0x08001bf8   Number         4  stm32g4xx_hal_cortex.o(.text.HAL_NVIC_SetPriority)
    [Anonymous Symbol]                       0x08001bfc   Section        0  stm32g4xx_hal_cortex.o(.text.HAL_NVIC_SetPriorityGrouping)
    __arm_cp.0_0                             0x08001c14   Number         4  stm32g4xx_hal_cortex.o(.text.HAL_NVIC_SetPriorityGrouping)
    __arm_cp.0_1                             0x08001c18   Number         4  stm32g4xx_hal_cortex.o(.text.HAL_NVIC_SetPriorityGrouping)
    [Anonymous Symbol]                       0x08001c1c   Section        0  stm32g4xx_hal_pwr_ex.o(.text.HAL_PWREx_ControlVoltageScaling)
    __arm_cp.1_1                             0x08001cc4   Number         4  stm32g4xx_hal_pwr_ex.o(.text.HAL_PWREx_ControlVoltageScaling)
    __arm_cp.1_2                             0x08001cc8   Number         4  stm32g4xx_hal_pwr_ex.o(.text.HAL_PWREx_ControlVoltageScaling)
    [Anonymous Symbol]                       0x08001ccc   Section        0  stm32g4xx_hal_pwr_ex.o(.text.HAL_PWREx_DisableUCPDDeadBattery)
    __arm_cp.36_0                            0x08001cd8   Number         4  stm32g4xx_hal_pwr_ex.o(.text.HAL_PWREx_DisableUCPDDeadBattery)
    [Anonymous Symbol]                       0x08001cdc   Section        0  stm32g4xx_hal_rcc_ex.o(.text.HAL_RCCEx_PeriphCLKConfig)
    __arm_cp.0_0                             0x08001f74   Number         4  stm32g4xx_hal_rcc_ex.o(.text.HAL_RCCEx_PeriphCLKConfig)
    __arm_cp.0_1                             0x08001f78   Number         4  stm32g4xx_hal_rcc_ex.o(.text.HAL_RCCEx_PeriphCLKConfig)
    [Anonymous Symbol]                       0x08001f7c   Section        0  stm32g4xx_hal_rcc.o(.text.HAL_RCC_ClockConfig)
    __arm_cp.2_0                             0x08002164   Number         4  stm32g4xx_hal_rcc.o(.text.HAL_RCC_ClockConfig)
    __arm_cp.2_1                             0x08002168   Number         4  stm32g4xx_hal_rcc.o(.text.HAL_RCC_ClockConfig)
    __arm_cp.2_3                             0x0800216c   Number         4  stm32g4xx_hal_rcc.o(.text.HAL_RCC_ClockConfig)
    __arm_cp.2_5                             0x08002170   Number         4  stm32g4xx_hal_rcc.o(.text.HAL_RCC_ClockConfig)
    [Anonymous Symbol]                       0x08002174   Section        0  stm32g4xx_hal_rcc.o(.text.HAL_RCC_GetPCLK1Freq)
    [Anonymous Symbol]                       0x0800218c   Section        0  stm32g4xx_hal_rcc.o(.text.HAL_RCC_GetPCLK2Freq)
    __arm_cp.7_0                             0x080021a4   Number         4  stm32g4xx_hal_rcc.o(.text.HAL_RCC_GetPCLK2Freq)
    __arm_cp.7_2                             0x080021a8   Number         4  stm32g4xx_hal_rcc.o(.text.HAL_RCC_GetPCLK2Freq)
    [Anonymous Symbol]                       0x080021ac   Section        0  stm32g4xx_hal_rcc.o(.text.HAL_RCC_GetSysClockFreq)
    __arm_cp.3_0                             0x0800220c   Number         4  stm32g4xx_hal_rcc.o(.text.HAL_RCC_GetSysClockFreq)
    __arm_cp.3_1                             0x08002210   Number         4  stm32g4xx_hal_rcc.o(.text.HAL_RCC_GetSysClockFreq)
    __arm_cp.3_2                             0x08002214   Number         4  stm32g4xx_hal_rcc.o(.text.HAL_RCC_GetSysClockFreq)
    [Anonymous Symbol]                       0x08002218   Section        0  stm32g4xx_hal_rcc.o(.text.HAL_RCC_OscConfig)
    __arm_cp.1_7                             0x0800253c   Number         4  stm32g4xx_hal_rcc.o(.text.HAL_RCC_OscConfig)
    __arm_cp.1_8                             0x08002540   Number         4  stm32g4xx_hal_rcc.o(.text.HAL_RCC_OscConfig)
    __arm_cp.1_2                             0x08002684   Number         4  stm32g4xx_hal_rcc.o(.text.HAL_RCC_OscConfig)
    __arm_cp.1_3                             0x08002688   Number         4  stm32g4xx_hal_rcc.o(.text.HAL_RCC_OscConfig)
    __arm_cp.1_4                             0x0800268c   Number         4  stm32g4xx_hal_rcc.o(.text.HAL_RCC_OscConfig)
    __arm_cp.1_5                             0x08002690   Number         4  stm32g4xx_hal_rcc.o(.text.HAL_RCC_OscConfig)
    __arm_cp.1_6                             0x08002694   Number         4  stm32g4xx_hal_rcc.o(.text.HAL_RCC_OscConfig)
    [Anonymous Symbol]                       0x08002698   Section        0  stm32g4xx_hal_spi.o(.text.HAL_SPI_Init)
    [Anonymous Symbol]                       0x0800277c   Section        0  spi.o(.text.HAL_SPI_MspInit)
    __arm_cp.1_0                             0x080027d8   Number         4  spi.o(.text.HAL_SPI_MspInit)
    [Anonymous Symbol]                       0x080027dc   Section        0  stm32g4xx_hal_spi.o(.text.HAL_SPI_Transmit)
    [Anonymous Symbol]                       0x08002988   Section        0  stm32g4xx_hal_cortex.o(.text.HAL_SYSTICK_Config)
    __arm_cp.6_0                             0x080029a8   Number         4  stm32g4xx_hal_cortex.o(.text.HAL_SYSTICK_Config)
    __arm_cp.6_1                             0x080029ac   Number         4  stm32g4xx_hal_cortex.o(.text.HAL_SYSTICK_Config)
    [Anonymous Symbol]                       0x080029b0   Section        0  stm32g4xx_hal_uart_ex.o(.text.HAL_UARTEx_DisableFifoMode)
    [Anonymous Symbol]                       0x080029e6   Section        0  stm32g4xx_hal_uart_ex.o(.text.HAL_UARTEx_SetRxFifoThreshold)
    [Anonymous Symbol]                       0x08002a32   Section        0  stm32g4xx_hal_uart_ex.o(.text.HAL_UARTEx_SetTxFifoThreshold)
    [Anonymous Symbol]                       0x08002a7e   Section        0  stm32g4xx_hal_uart.o(.text.HAL_UART_Init)
    [Anonymous Symbol]                       0x08002ae4   Section        0  usart.o(.text.HAL_UART_MspInit)
    __arm_cp.1_0                             0x08002b84   Number         4  usart.o(.text.HAL_UART_MspInit)
    __arm_cp.1_1                             0x08002b88   Number         4  usart.o(.text.HAL_UART_MspInit)
    [Anonymous Symbol]                       0x08002b8c   Section        0  stm32g4xx_it.o(.text.HardFault_Handler)
    [Anonymous Symbol]                       0x08002b8e   Section        0  stm32g4xx_hal_adc.o(.text.LL_ADC_SetChannelSamplingTime)
    LL_ADC_SetChannelSamplingTime            0x08002b8f   Thumb Code    32  stm32g4xx_hal_adc.o(.text.LL_ADC_SetChannelSamplingTime)
    [Anonymous Symbol]                       0x08002bb0   Section        0  lcd.o(.text.Lcd_Address_Set)
    __arm_cp.5_1                             0x08002bec   Number         4  lcd.o(.text.Lcd_Address_Set)
    [Anonymous Symbol]                       0x08002bf0   Section        0  lcd.o(.text.Lcd_Clear)
    __arm_cp.7_0                             0x08002c44   Number         4  lcd.o(.text.Lcd_Clear)
    [Anonymous Symbol]                       0x08002c48   Section        0  lcd.o(.text.Lcd_DrawPoint)
    [Anonymous Symbol]                       0x08002c60   Section        0  lcd.o(.text.Lcd_Init)
    __arm_cp.6_0                             0x08002da0   Number         4  lcd.o(.text.Lcd_Init)
    __arm_cp.6_1                             0x08002da4   Number         4  lcd.o(.text.Lcd_Init)
    __arm_cp.6_2                             0x08002da8   Number         4  lcd.o(.text.Lcd_Init)
    __arm_cp.6_3                             0x08002dac   Number         4  lcd.o(.text.Lcd_Init)
    __arm_cp.6_4                             0x08002db0   Number         4  lcd.o(.text.Lcd_Init)
    [Anonymous Symbol]                       0x08002db4   Section        0  lcd.o(.text.Lcd_ShowChar)
    __arm_cp.13_0                            0x08002e34   Number         4  lcd.o(.text.Lcd_ShowChar)
    [Anonymous Symbol]                       0x08002e38   Section        0  lcd.o(.text.Lcd_ShowString)
    [Anonymous Symbol]                       0x08002e8c   Section        0  lcd.o(.text.Lcd_WR_DATA)
    [Anonymous Symbol]                       0x08002eb0   Section        0  lcd.o(.text.Lcd_WR_DATA8)
    [Anonymous Symbol]                       0x08002ed4   Section        0  lcd.o(.text.Lcd_WR_REG)
    __arm_cp.4_0                             0x08002ef8   Number         4  lcd.o(.text.Lcd_WR_REG)
    [Anonymous Symbol]                       0x08002efc   Section        0  lcd.o(.text.Lcd_print)
    __arm_cp.15_0                            0x08002f20   Number         4  lcd.o(.text.Lcd_print)
    [Anonymous Symbol]                       0x08002f24   Section        0  adc.o(.text.MX_ADC1_Init)
    __arm_cp.0_0                             0x08003074   Number         4  adc.o(.text.MX_ADC1_Init)
    __arm_cp.0_1                             0x08003078   Number         4  adc.o(.text.MX_ADC1_Init)
    __arm_cp.0_2                             0x0800307c   Number         4  adc.o(.text.MX_ADC1_Init)
    __arm_cp.0_3                             0x08003080   Number         4  adc.o(.text.MX_ADC1_Init)
    __arm_cp.0_4                             0x08003084   Number         4  adc.o(.text.MX_ADC1_Init)
    __arm_cp.0_5                             0x08003088   Number         4  adc.o(.text.MX_ADC1_Init)
    __arm_cp.0_6                             0x0800308c   Number         4  adc.o(.text.MX_ADC1_Init)
    __arm_cp.0_7                             0x08003090   Number         4  adc.o(.text.MX_ADC1_Init)
    __arm_cp.0_8                             0x08003094   Number         4  adc.o(.text.MX_ADC1_Init)
    __arm_cp.0_9                             0x08003098   Number         4  adc.o(.text.MX_ADC1_Init)
    [Anonymous Symbol]                       0x0800309c   Section        0  dma.o(.text.MX_DMA_Init)
    __arm_cp.0_0                             0x080030d8   Number         4  dma.o(.text.MX_DMA_Init)
    [Anonymous Symbol]                       0x080030dc   Section        0  gpio.o(.text.MX_GPIO_Init)
    __arm_cp.0_0                             0x080031a0   Number         4  gpio.o(.text.MX_GPIO_Init)
    __arm_cp.0_1                             0x080031a4   Number         4  gpio.o(.text.MX_GPIO_Init)
    __arm_cp.0_2                             0x080031a8   Number         4  gpio.o(.text.MX_GPIO_Init)
    __arm_cp.0_3                             0x080031ac   Number         4  gpio.o(.text.MX_GPIO_Init)
    [Anonymous Symbol]                       0x080031b0   Section        0  spi.o(.text.MX_SPI1_Init)
    __arm_cp.0_0                             0x08003200   Number         4  spi.o(.text.MX_SPI1_Init)
    __arm_cp.0_1                             0x08003204   Number         4  spi.o(.text.MX_SPI1_Init)
    [Anonymous Symbol]                       0x08003208   Section        0  usart.o(.text.MX_USART1_UART_Init)
    __arm_cp.0_0                             0x08003268   Number         4  usart.o(.text.MX_USART1_UART_Init)
    __arm_cp.0_1                             0x0800326c   Number         4  usart.o(.text.MX_USART1_UART_Init)
    [Anonymous Symbol]                       0x08003270   Section        0  stm32g4xx_it.o(.text.MemManage_Handler)
    [Anonymous Symbol]                       0x08003272   Section        0  stm32g4xx_it.o(.text.NMI_Handler)
    [Anonymous Symbol]                       0x08003274   Section        0  stm32g4xx_it.o(.text.PendSV_Handler)
    [Anonymous Symbol]                       0x08003276   Section        0  stm32g4xx_hal_spi.o(.text.SPI_EndRxTxTransaction)
    SPI_EndRxTxTransaction                   0x08003277   Thumb Code    68  stm32g4xx_hal_spi.o(.text.SPI_EndRxTxTransaction)
    [Anonymous Symbol]                       0x080032bc   Section        0  stm32g4xx_hal_spi.o(.text.SPI_WaitFifoStateUntilTimeout)
    SPI_WaitFifoStateUntilTimeout            0x080032bd   Thumb Code   212  stm32g4xx_hal_spi.o(.text.SPI_WaitFifoStateUntilTimeout)
    [Anonymous Symbol]                       0x0800338c   Section        0  stm32g4xx_hal_spi.o(.text.SPI_WaitFlagStateUntilTimeout)
    SPI_WaitFlagStateUntilTimeout            0x0800338d   Thumb Code   168  stm32g4xx_hal_spi.o(.text.SPI_WaitFlagStateUntilTimeout)
    __arm_cp.34_0                            0x08003430   Number         4  stm32g4xx_hal_spi.o(.text.SPI_WaitFlagStateUntilTimeout)
    [Anonymous Symbol]                       0x08003434   Section        0  stm32g4xx_it.o(.text.SVC_Handler)
    [Anonymous Symbol]                       0x08003436   Section        0  stm32g4xx_it.o(.text.SysTick_Handler)
    [Anonymous Symbol]                       0x0800343a   Section        0  main.o(.text.SystemClock_Config)
    [Anonymous Symbol]                       0x080034ac   Section        0  system_stm32g4xx.o(.text.SystemInit)
    __arm_cp.0_0                             0x080034b8   Number         4  system_stm32g4xx.o(.text.SystemInit)
    [Anonymous Symbol]                       0x080034bc   Section        0  stm32g4xx_hal_uart_ex.o(.text.UARTEx_SetNbDataToProcess)
    UARTEx_SetNbDataToProcess                0x080034bd   Thumb Code    84  stm32g4xx_hal_uart_ex.o(.text.UARTEx_SetNbDataToProcess)
    __arm_cp.9_0                             0x08003508   Number         4  stm32g4xx_hal_uart_ex.o(.text.UARTEx_SetNbDataToProcess)
    __arm_cp.9_1                             0x0800350c   Number         4  stm32g4xx_hal_uart_ex.o(.text.UARTEx_SetNbDataToProcess)
    [Anonymous Symbol]                       0x08003510   Section        0  stm32g4xx_hal_uart.o(.text.UART_AdvFeatureConfig)
    [Anonymous Symbol]                       0x080035e4   Section        0  stm32g4xx_hal_uart.o(.text.UART_CheckIdleState)
    __arm_cp.4_0                             0x0800369c   Number         4  stm32g4xx_hal_uart.o(.text.UART_CheckIdleState)
    [Anonymous Symbol]                       0x080036a0   Section        0  stm32g4xx_hal_uart.o(.text.UART_EndRxTransfer)
    UART_EndRxTransfer                       0x080036a1   Thumb Code    92  stm32g4xx_hal_uart.o(.text.UART_EndRxTransfer)
    __arm_cp.30_0                            0x080036f8   Number         4  stm32g4xx_hal_uart.o(.text.UART_EndRxTransfer)
    [Anonymous Symbol]                       0x080036fc   Section        0  stm32g4xx_hal_uart.o(.text.UART_SetConfig)
    __arm_cp.3_0                             0x08003918   Number         4  stm32g4xx_hal_uart.o(.text.UART_SetConfig)
    __arm_cp.3_1                             0x0800391c   Number         4  stm32g4xx_hal_uart.o(.text.UART_SetConfig)
    __arm_cp.3_2                             0x08003920   Number         4  stm32g4xx_hal_uart.o(.text.UART_SetConfig)
    __arm_cp.3_3                             0x08003924   Number         4  stm32g4xx_hal_uart.o(.text.UART_SetConfig)
    __arm_cp.3_4                             0x08003928   Number         4  stm32g4xx_hal_uart.o(.text.UART_SetConfig)
    __arm_cp.3_5                             0x0800392c   Number         4  stm32g4xx_hal_uart.o(.text.UART_SetConfig)
    __arm_cp.3_6                             0x08003930   Number         4  stm32g4xx_hal_uart.o(.text.UART_SetConfig)
    __arm_cp.3_7                             0x08003934   Number         4  stm32g4xx_hal_uart.o(.text.UART_SetConfig)
    __arm_cp.3_8                             0x08003938   Number         4  stm32g4xx_hal_uart.o(.text.UART_SetConfig)
    __arm_cp.3_9                             0x0800393c   Number         4  stm32g4xx_hal_uart.o(.text.UART_SetConfig)
    __arm_cp.3_10                            0x08003940   Number         4  stm32g4xx_hal_uart.o(.text.UART_SetConfig)
    __arm_cp.3_11                            0x08003944   Number         4  stm32g4xx_hal_uart.o(.text.UART_SetConfig)
    __arm_cp.3_12                            0x08003948   Number         4  stm32g4xx_hal_uart.o(.text.UART_SetConfig)
    [Anonymous Symbol]                       0x0800394c   Section        0  stm32g4xx_hal_uart.o(.text.UART_WaitOnFlagUntilTimeout)
    [Anonymous Symbol]                       0x080039ec   Section        0  temperature.o(.text.UpdateSwitch)
    __arm_cp.1_1                             0x08003a88   Number         4  temperature.o(.text.UpdateSwitch)
    [Anonymous Symbol]                       0x08003a8c   Section        0  stm32g4xx_it.o(.text.UsageFault_Handler)
    [Anonymous Symbol]                       0x08003a90   Section        0  temperature.o(.text.findClosest)
    __arm_cp.3_1                             0x08003af4   Number         4  temperature.o(.text.findClosest)
    [Anonymous Symbol]                       0x08003af8   Section        0  main.o(.text.main)
    __arm_cp.0_0                             0x08003cc0   Number         4  main.o(.text.main)
    __arm_cp.0_1                             0x08003cc4   Number         4  main.o(.text.main)
    __arm_cp.0_3                             0x08003ccc   Number         4  main.o(.text.main)
    __arm_cp.0_4                             0x08003cd0   Number         4  main.o(.text.main)
    i.__0vsprintf                            0x08003d40   Section        0  printfa.o(i.__0vsprintf)
    i.__hardfp_fabs                          0x08003d64   Section        0  fabs.o(i.__hardfp_fabs)
    i.__scatterload_copy                     0x08003d78   Section       14  handlers.o(i.__scatterload_copy)
    i.__scatterload_null                     0x08003d86   Section        2  handlers.o(i.__scatterload_null)
    i.__scatterload_zeroinit                 0x08003d88   Section       14  handlers.o(i.__scatterload_zeroinit)
    i._fp_digits                             0x08003d98   Section        0  printfa.o(i._fp_digits)
    _fp_digits                               0x08003d99   Thumb Code   366  printfa.o(i._fp_digits)
    i._printf_core                           0x08003f1c   Section        0  printfa.o(i._printf_core)
    _printf_core                             0x08003f1d   Thumb Code  1744  printfa.o(i._printf_core)
    i._printf_post_padding                   0x080045f8   Section        0  printfa.o(i._printf_post_padding)
    _printf_post_padding                     0x080045f9   Thumb Code    36  printfa.o(i._printf_post_padding)
    i._printf_pre_padding                    0x0800461c   Section        0  printfa.o(i._printf_pre_padding)
    _printf_pre_padding                      0x0800461d   Thumb Code    46  printfa.o(i._printf_pre_padding)
    i._sputc                                 0x0800464a   Section        0  printfa.o(i._sputc)
    _sputc                                   0x0800464b   Thumb Code    10  printfa.o(i._sputc)
    UARTEx_SetNbDataToProcess.numerator      0x08005038   Data           8  stm32g4xx_hal_uart_ex.o(.rodata.cst8)
    UARTEx_SetNbDataToProcess.denominator    0x08005040   Data           8  stm32g4xx_hal_uart_ex.o(.rodata.cst8)
    [Anonymous Symbol]                       0x20000000   Section        0  stm32g4xx_hal.o(.data..L_MergedGlobals)
    [Anonymous Symbol]                       0x20000020   Section        0  main.o(.bss..L_MergedGlobals)
    [Anonymous Symbol]                       0x2000006c   Section        0  lcd.o(.bss.Lcd_print.buffer)
    Lcd_print.buffer                         0x2000006c   Data         128  lcd.o(.bss.Lcd_print.buffer)
    [Anonymous Symbol]                       0x200002b0   Section        0  lcd.o(.bss.line)
    line                                     0x200002b0   Data         640  lcd.o(.bss.line)
    STACK                                    0x20000530   Section     1024  startup_stm32g473xx.o(STACK)

    Global Symbols

    Symbol Name                              Value     Ov Type        Size  Object(Section)

    BuildAttributes$$THM_ISAv4$E$P$D$K$B$S$7EM$VFPi3$EXTD16$VFPS$VFMA$PE$A:L22UL41UL21$X:L11$S22US41US21$IEEE1$IW$~IW$USESV6$~STKCKD$USESV7$~SHL$OTIME$ROPI$IEEEJ$EBA8$MICROLIB$REQ8$PRES8$EABIv2 0x00000000   Number         0  anon$$obj.o ABSOLUTE
    __cpp_initialize__aeabi_                  - Undefined Weak Reference
    __cxa_finalize                            - Undefined Weak Reference
    __decompress                              - Undefined Weak Reference
    _clock_init                               - Undefined Weak Reference
    _microlib_exit                            - Undefined Weak Reference
    __Vectors_Size                           0x000001d8   Number         0  startup_stm32g473xx.o ABSOLUTE
    __Vectors                                0x08000000   Data           4  startup_stm32g473xx.o(RESET)
    __Vectors_End                            0x080001d8   Data           0  startup_stm32g473xx.o(RESET)
    __main                                   0x080001d9   Thumb Code     0  entry.o(.ARM.Collect$$$$00000000)
    _main_stk                                0x080001d9   Thumb Code     0  entry2.o(.ARM.Collect$$$$00000001)
    _main_scatterload                        0x080001dd   Thumb Code     0  entry5.o(.ARM.Collect$$$$00000004)
    __main_after_scatterload                 0x080001e1   Thumb Code     0  entry5.o(.ARM.Collect$$$$00000004)
    _main_clock                              0x080001e1   Thumb Code     0  entry7b.o(.ARM.Collect$$$$00000008)
    _main_cpp_init                           0x080001e1   Thumb Code     0  entry8b.o(.ARM.Collect$$$$0000000A)
    _main_init                               0x080001e1   Thumb Code     0  entry9a.o(.ARM.Collect$$$$0000000B)
    __rt_final_cpp                           0x080001e9   Thumb Code     0  entry10a.o(.ARM.Collect$$$$0000000D)
    __rt_final_exit                          0x080001e9   Thumb Code     0  entry11a.o(.ARM.Collect$$$$0000000F)
    Reset_Handler                            0x080001ed   Thumb Code     8  startup_stm32g473xx.o(.text)
    ADC3_IRQHandler                          0x08000207   Thumb Code     0  startup_stm32g473xx.o(.text)
    ADC4_IRQHandler                          0x08000207   Thumb Code     0  startup_stm32g473xx.o(.text)
    ADC5_IRQHandler                          0x08000207   Thumb Code     0  startup_stm32g473xx.o(.text)
    COMP1_2_3_IRQHandler                     0x08000207   Thumb Code     0  startup_stm32g473xx.o(.text)
    COMP4_5_6_IRQHandler                     0x08000207   Thumb Code     0  startup_stm32g473xx.o(.text)
    COMP7_IRQHandler                         0x08000207   Thumb Code     0  startup_stm32g473xx.o(.text)
    CORDIC_IRQHandler                        0x08000207   Thumb Code     0  startup_stm32g473xx.o(.text)
    CRS_IRQHandler                           0x08000207   Thumb Code     0  startup_stm32g473xx.o(.text)
    DMA1_Channel2_IRQHandler                 0x08000207   Thumb Code     0  startup_stm32g473xx.o(.text)
    DMA1_Channel3_IRQHandler                 0x08000207   Thumb Code     0  startup_stm32g473xx.o(.text)
    DMA1_Channel4_IRQHandler                 0x08000207   Thumb Code     0  startup_stm32g473xx.o(.text)
    DMA1_Channel5_IRQHandler                 0x08000207   Thumb Code     0  startup_stm32g473xx.o(.text)
    DMA1_Channel6_IRQHandler                 0x08000207   Thumb Code     0  startup_stm32g473xx.o(.text)
    DMA1_Channel7_IRQHandler                 0x08000207   Thumb Code     0  startup_stm32g473xx.o(.text)
    DMA1_Channel8_IRQHandler                 0x08000207   Thumb Code     0  startup_stm32g473xx.o(.text)
    DMA2_Channel1_IRQHandler                 0x08000207   Thumb Code     0  startup_stm32g473xx.o(.text)
    DMA2_Channel2_IRQHandler                 0x08000207   Thumb Code     0  startup_stm32g473xx.o(.text)
    DMA2_Channel3_IRQHandler                 0x08000207   Thumb Code     0  startup_stm32g473xx.o(.text)
    DMA2_Channel4_IRQHandler                 0x08000207   Thumb Code     0  startup_stm32g473xx.o(.text)
    DMA2_Channel5_IRQHandler                 0x08000207   Thumb Code     0  startup_stm32g473xx.o(.text)
    DMA2_Channel6_IRQHandler                 0x08000207   Thumb Code     0  startup_stm32g473xx.o(.text)
    DMA2_Channel7_IRQHandler                 0x08000207   Thumb Code     0  startup_stm32g473xx.o(.text)
    DMA2_Channel8_IRQHandler                 0x08000207   Thumb Code     0  startup_stm32g473xx.o(.text)
    DMAMUX_OVR_IRQHandler                    0x08000207   Thumb Code     0  startup_stm32g473xx.o(.text)
    EXTI0_IRQHandler                         0x08000207   Thumb Code     0  startup_stm32g473xx.o(.text)
    EXTI15_10_IRQHandler                     0x08000207   Thumb Code     0  startup_stm32g473xx.o(.text)
    EXTI1_IRQHandler                         0x08000207   Thumb Code     0  startup_stm32g473xx.o(.text)
    EXTI2_IRQHandler                         0x08000207   Thumb Code     0  startup_stm32g473xx.o(.text)
    EXTI3_IRQHandler                         0x08000207   Thumb Code     0  startup_stm32g473xx.o(.text)
    EXTI4_IRQHandler                         0x08000207   Thumb Code     0  startup_stm32g473xx.o(.text)
    EXTI9_5_IRQHandler                       0x08000207   Thumb Code     0  startup_stm32g473xx.o(.text)
    FDCAN1_IT0_IRQHandler                    0x08000207   Thumb Code     0  startup_stm32g473xx.o(.text)
    FDCAN1_IT1_IRQHandler                    0x08000207   Thumb Code     0  startup_stm32g473xx.o(.text)
    FDCAN2_IT0_IRQHandler                    0x08000207   Thumb Code     0  startup_stm32g473xx.o(.text)
    FDCAN2_IT1_IRQHandler                    0x08000207   Thumb Code     0  startup_stm32g473xx.o(.text)
    FDCAN3_IT0_IRQHandler                    0x08000207   Thumb Code     0  startup_stm32g473xx.o(.text)
    FDCAN3_IT1_IRQHandler                    0x08000207   Thumb Code     0  startup_stm32g473xx.o(.text)
    FLASH_IRQHandler                         0x08000207   Thumb Code     0  startup_stm32g473xx.o(.text)
    FMAC_IRQHandler                          0x08000207   Thumb Code     0  startup_stm32g473xx.o(.text)
    FMC_IRQHandler                           0x08000207   Thumb Code     0  startup_stm32g473xx.o(.text)
    FPU_IRQHandler                           0x08000207   Thumb Code     0  startup_stm32g473xx.o(.text)
    I2C1_ER_IRQHandler                       0x08000207   Thumb Code     0  startup_stm32g473xx.o(.text)
    I2C1_EV_IRQHandler                       0x08000207   Thumb Code     0  startup_stm32g473xx.o(.text)
    I2C2_ER_IRQHandler                       0x08000207   Thumb Code     0  startup_stm32g473xx.o(.text)
    I2C2_EV_IRQHandler                       0x08000207   Thumb Code     0  startup_stm32g473xx.o(.text)
    I2C3_ER_IRQHandler                       0x08000207   Thumb Code     0  startup_stm32g473xx.o(.text)
    I2C3_EV_IRQHandler                       0x08000207   Thumb Code     0  startup_stm32g473xx.o(.text)
    I2C4_ER_IRQHandler                       0x08000207   Thumb Code     0  startup_stm32g473xx.o(.text)
    I2C4_EV_IRQHandler                       0x08000207   Thumb Code     0  startup_stm32g473xx.o(.text)
    LPTIM1_IRQHandler                        0x08000207   Thumb Code     0  startup_stm32g473xx.o(.text)
    LPUART1_IRQHandler                       0x08000207   Thumb Code     0  startup_stm32g473xx.o(.text)
    PVD_PVM_IRQHandler                       0x08000207   Thumb Code     0  startup_stm32g473xx.o(.text)
    QUADSPI_IRQHandler                       0x08000207   Thumb Code     0  startup_stm32g473xx.o(.text)
    RCC_IRQHandler                           0x08000207   Thumb Code     0  startup_stm32g473xx.o(.text)
    RNG_IRQHandler                           0x08000207   Thumb Code     0  startup_stm32g473xx.o(.text)
    RTC_Alarm_IRQHandler                     0x08000207   Thumb Code     0  startup_stm32g473xx.o(.text)
    RTC_TAMP_LSECSS_IRQHandler               0x08000207   Thumb Code     0  startup_stm32g473xx.o(.text)
    RTC_WKUP_IRQHandler                      0x08000207   Thumb Code     0  startup_stm32g473xx.o(.text)
    SAI1_IRQHandler                          0x08000207   Thumb Code     0  startup_stm32g473xx.o(.text)
    SPI1_IRQHandler                          0x08000207   Thumb Code     0  startup_stm32g473xx.o(.text)
    SPI2_IRQHandler                          0x08000207   Thumb Code     0  startup_stm32g473xx.o(.text)
    SPI3_IRQHandler                          0x08000207   Thumb Code     0  startup_stm32g473xx.o(.text)
    SPI4_IRQHandler                          0x08000207   Thumb Code     0  startup_stm32g473xx.o(.text)
    TIM1_BRK_TIM15_IRQHandler                0x08000207   Thumb Code     0  startup_stm32g473xx.o(.text)
    TIM1_CC_IRQHandler                       0x08000207   Thumb Code     0  startup_stm32g473xx.o(.text)
    TIM1_TRG_COM_TIM17_IRQHandler            0x08000207   Thumb Code     0  startup_stm32g473xx.o(.text)
    TIM1_UP_TIM16_IRQHandler                 0x08000207   Thumb Code     0  startup_stm32g473xx.o(.text)
    TIM20_BRK_IRQHandler                     0x08000207   Thumb Code     0  startup_stm32g473xx.o(.text)
    TIM20_CC_IRQHandler                      0x08000207   Thumb Code     0  startup_stm32g473xx.o(.text)
    TIM20_TRG_COM_IRQHandler                 0x08000207   Thumb Code     0  startup_stm32g473xx.o(.text)
    TIM20_UP_IRQHandler                      0x08000207   Thumb Code     0  startup_stm32g473xx.o(.text)
    TIM2_IRQHandler                          0x08000207   Thumb Code     0  startup_stm32g473xx.o(.text)
    TIM3_IRQHandler                          0x08000207   Thumb Code     0  startup_stm32g473xx.o(.text)
    TIM4_IRQHandler                          0x08000207   Thumb Code     0  startup_stm32g473xx.o(.text)
    TIM5_IRQHandler                          0x08000207   Thumb Code     0  startup_stm32g473xx.o(.text)
    TIM6_DAC_IRQHandler                      0x08000207   Thumb Code     0  startup_stm32g473xx.o(.text)
    TIM7_DAC_IRQHandler                      0x08000207   Thumb Code     0  startup_stm32g473xx.o(.text)
    TIM8_BRK_IRQHandler                      0x08000207   Thumb Code     0  startup_stm32g473xx.o(.text)
    TIM8_CC_IRQHandler                       0x08000207   Thumb Code     0  startup_stm32g473xx.o(.text)
    TIM8_TRG_COM_IRQHandler                  0x08000207   Thumb Code     0  startup_stm32g473xx.o(.text)
    TIM8_UP_IRQHandler                       0x08000207   Thumb Code     0  startup_stm32g473xx.o(.text)
    UART4_IRQHandler                         0x08000207   Thumb Code     0  startup_stm32g473xx.o(.text)
    UART5_IRQHandler                         0x08000207   Thumb Code     0  startup_stm32g473xx.o(.text)
    UCPD1_IRQHandler                         0x08000207   Thumb Code     0  startup_stm32g473xx.o(.text)
    USART1_IRQHandler                        0x08000207   Thumb Code     0  startup_stm32g473xx.o(.text)
    USART2_IRQHandler                        0x08000207   Thumb Code     0  startup_stm32g473xx.o(.text)
    USART3_IRQHandler                        0x08000207   Thumb Code     0  startup_stm32g473xx.o(.text)
    USBWakeUp_IRQHandler                     0x08000207   Thumb Code     0  startup_stm32g473xx.o(.text)
    USB_HP_IRQHandler                        0x08000207   Thumb Code     0  startup_stm32g473xx.o(.text)
    USB_LP_IRQHandler                        0x08000207   Thumb Code     0  startup_stm32g473xx.o(.text)
    WWDG_IRQHandler                          0x08000207   Thumb Code     0  startup_stm32g473xx.o(.text)
    __aeabi_uldivmod                         0x08000211   Thumb Code    98  uldiv.o(.text)
    __aeabi_memset                           0x08000273   Thumb Code    14  memseta.o(.text)
    __aeabi_memset4                          0x08000273   Thumb Code     0  memseta.o(.text)
    __aeabi_memset8                          0x08000273   Thumb Code     0  memseta.o(.text)
    __aeabi_memclr                           0x08000281   Thumb Code     4  memseta.o(.text)
    __aeabi_memclr4                          0x08000281   Thumb Code     0  memseta.o(.text)
    __aeabi_memclr8                          0x08000281   Thumb Code     0  memseta.o(.text)
    _memset$wrapper                          0x08000285   Thumb Code    18  memseta.o(.text)
    __aeabi_f2d                              0x08000297   Thumb Code    38  f2d.o(.text)
    __aeabi_d2f                              0x080002bd   Thumb Code    56  d2f.o(.text)
    __aeabi_uidiv                            0x080002f5   Thumb Code     0  uidiv.o(.text)
    __aeabi_uidivmod                         0x080002f5   Thumb Code    44  uidiv.o(.text)
    __aeabi_llsl                             0x08000321   Thumb Code    30  llshl.o(.text)
    _ll_shift_l                              0x08000321   Thumb Code     0  llshl.o(.text)
    __aeabi_llsr                             0x0800033f   Thumb Code    32  llushr.o(.text)
    _ll_ushift_r                             0x0800033f   Thumb Code     0  llushr.o(.text)
    __I$use$fp                               0x0800035f   Thumb Code     0  iusefp.o(.text)
    _float_round                             0x0800035f   Thumb Code    18  fepilogue.o(.text)
    _float_epilogue                          0x08000371   Thumb Code    92  fepilogue.o(.text)
    __aeabi_dadd                             0x080003cd   Thumb Code   322  dadd.o(.text)
    __aeabi_dsub                             0x0800050f   Thumb Code     6  dadd.o(.text)
    __aeabi_drsub                            0x08000515   Thumb Code     6  dadd.o(.text)
    __aeabi_dmul                             0x0800051b   Thumb Code   228  dmul.o(.text)
    __aeabi_ddiv                             0x080005ff   Thumb Code   222  ddiv.o(.text)
    __aeabi_d2ulz                            0x080006dd   Thumb Code    48  dfixul.o(.text)
    __aeabi_cdrcmple                         0x0800070d   Thumb Code    48  cdrcmple.o(.text)
    __scatterload                            0x0800073d   Thumb Code    28  init.o(.text)
    __scatterload_rt2                        0x0800073d   Thumb Code     0  init.o(.text)
    __aeabi_lasr                             0x08000761   Thumb Code    36  llsshr.o(.text)
    _ll_sshift_r                             0x08000761   Thumb Code     0  llsshr.o(.text)
    _double_round                            0x08000785   Thumb Code    30  depilogue.o(.text)
    _double_epilogue                         0x080007a3   Thumb Code   156  depilogue.o(.text)
    ADC1_2_IRQHandler                        0x08000841   Thumb Code    12  stm32g4xx_it.o(.text.ADC1_2_IRQHandler)
    ADC_DMAConvCplt                          0x0800084d   Thumb Code   100  stm32g4xx_hal_adc.o(.text.ADC_DMAConvCplt)
    ADC_DMAError                             0x080008b1   Thumb Code    22  stm32g4xx_hal_adc.o(.text.ADC_DMAError)
    ADC_DMAHalfConvCplt                      0x080008c7   Thumb Code     6  stm32g4xx_hal_adc.o(.text.ADC_DMAHalfConvCplt)
    ADC_Disable                              0x080008cd   Thumb Code   116  stm32g4xx_hal_adc.o(.text.ADC_Disable)
    ADC_Enable                               0x0800093d   Thumb Code   204  stm32g4xx_hal_adc.o(.text.ADC_Enable)
    BusFault_Handler                         0x08000a05   Thumb Code     2  stm32g4xx_it.o(.text.BusFault_Handler)
    DMA1_Channel1_IRQHandler                 0x08000a09   Thumb Code    12  stm32g4xx_it.o(.text.DMA1_Channel1_IRQHandler)
    DebugMon_Handler                         0x08000ac7   Thumb Code     2  stm32g4xx_it.o(.text.DebugMon_Handler)
    Error_Handler                            0x08000ac9   Thumb Code     8  main.o(.text.Error_Handler)
    GetTemperature                           0x08000ad1   Thumb Code    40  temperature.o(.text.GetTemperature)
    HAL_ADCEx_Calibration_Start              0x08000af9   Thumb Code   144  stm32g4xx_hal_adc_ex.o(.text.HAL_ADCEx_Calibration_Start)
    HAL_ADCEx_EndOfSamplingCallback          0x08000b89   Thumb Code     2  stm32g4xx_hal_adc_ex.o(.text.HAL_ADCEx_EndOfSamplingCallback)
    HAL_ADCEx_InjectedConvCpltCallback       0x08000b8b   Thumb Code     2  stm32g4xx_hal_adc_ex.o(.text.HAL_ADCEx_InjectedConvCpltCallback)
    HAL_ADCEx_InjectedQueueOverflowCallback  0x08000b8d   Thumb Code     2  stm32g4xx_hal_adc_ex.o(.text.HAL_ADCEx_InjectedQueueOverflowCallback)
    HAL_ADCEx_LevelOutOfWindow2Callback      0x08000b8f   Thumb Code     2  stm32g4xx_hal_adc_ex.o(.text.HAL_ADCEx_LevelOutOfWindow2Callback)
    HAL_ADCEx_LevelOutOfWindow3Callback      0x08000b91   Thumb Code     2  stm32g4xx_hal_adc_ex.o(.text.HAL_ADCEx_LevelOutOfWindow3Callback)
    HAL_ADCEx_MultiModeConfigChannel         0x08000b95   Thumb Code   276  stm32g4xx_hal_adc_ex.o(.text.HAL_ADCEx_MultiModeConfigChannel)
    HAL_ADC_ConfigChannel                    0x08000ca9   Thumb Code   864  stm32g4xx_hal_adc.o(.text.HAL_ADC_ConfigChannel)
    HAL_ADC_ConvCpltCallback                 0x08001009   Thumb Code     2  stm32g4xx_hal_adc.o(.text.HAL_ADC_ConvCpltCallback)
    HAL_ADC_ConvHalfCpltCallback             0x0800100b   Thumb Code     2  stm32g4xx_hal_adc.o(.text.HAL_ADC_ConvHalfCpltCallback)
    HAL_ADC_ErrorCallback                    0x0800100d   Thumb Code     2  stm32g4xx_hal_adc.o(.text.HAL_ADC_ErrorCallback)
    HAL_ADC_IRQHandler                       0x08001011   Thumb Code   696  stm32g4xx_hal_adc.o(.text.HAL_ADC_IRQHandler)
    HAL_ADC_Init                             0x080012c9   Thumb Code   524  stm32g4xx_hal_adc.o(.text.HAL_ADC_Init)
    HAL_ADC_LevelOutOfWindowCallback         0x080014d1   Thumb Code     2  stm32g4xx_hal_adc.o(.text.HAL_ADC_LevelOutOfWindowCallback)
    HAL_ADC_MspInit                          0x080014d5   Thumb Code   296  adc.o(.text.HAL_ADC_MspInit)
    HAL_ADC_Start_DMA                        0x080015fd   Thumb Code   288  stm32g4xx_hal_adc.o(.text.HAL_ADC_Start_DMA)
    HAL_DMA_IRQHandler                       0x0800171d   Thumb Code   170  stm32g4xx_hal_dma.o(.text.HAL_DMA_IRQHandler)
    HAL_DMA_Init                             0x080017c9   Thumb Code   192  stm32g4xx_hal_dma.o(.text.HAL_DMA_Init)
    HAL_DMA_Start_IT                         0x08001889   Thumb Code   140  stm32g4xx_hal_dma.o(.text.HAL_DMA_Start_IT)
    HAL_Delay                                0x08001915   Thumb Code    36  stm32g4xx_hal.o(.text.HAL_Delay)
    HAL_GPIO_Init                            0x08001935   Thumb Code   412  stm32g4xx_hal_gpio.o(.text.HAL_GPIO_Init)
    HAL_GPIO_WritePin                        0x08001ad1   Thumb Code    16  stm32g4xx_hal_gpio.o(.text.HAL_GPIO_WritePin)
    HAL_GetTick                              0x08001ae1   Thumb Code    12  stm32g4xx_hal.o(.text.HAL_GetTick)
    HAL_IncTick                              0x08001ae9   Thumb Code    16  stm32g4xx_hal.o(.text.HAL_IncTick)
    HAL_Init                                 0x08001af5   Thumb Code    28  stm32g4xx_hal.o(.text.HAL_Init)
    HAL_InitTick                             0x08001b11   Thumb Code    72  stm32g4xx_hal.o(.text.HAL_InitTick)
    HAL_MspInit                              0x08001b55   Thumb Code    52  stm32g4xx_hal_msp.o(.text.HAL_MspInit)
    HAL_NVIC_EnableIRQ                       0x08001b89   Thumb Code    28  stm32g4xx_hal_cortex.o(.text.HAL_NVIC_EnableIRQ)
    HAL_NVIC_SetPriority                     0x08001ba5   Thumb Code    92  stm32g4xx_hal_cortex.o(.text.HAL_NVIC_SetPriority)
    HAL_NVIC_SetPriorityGrouping             0x08001bfd   Thumb Code    32  stm32g4xx_hal_cortex.o(.text.HAL_NVIC_SetPriorityGrouping)
    HAL_PWREx_ControlVoltageScaling          0x08001c1d   Thumb Code   180  stm32g4xx_hal_pwr_ex.o(.text.HAL_PWREx_ControlVoltageScaling)
    HAL_PWREx_DisableUCPDDeadBattery         0x08001ccd   Thumb Code    16  stm32g4xx_hal_pwr_ex.o(.text.HAL_PWREx_DisableUCPDDeadBattery)
    HAL_RCCEx_PeriphCLKConfig                0x08001cdd   Thumb Code   672  stm32g4xx_hal_rcc_ex.o(.text.HAL_RCCEx_PeriphCLKConfig)
    HAL_RCC_ClockConfig                      0x08001f7d   Thumb Code   512  stm32g4xx_hal_rcc.o(.text.HAL_RCC_ClockConfig)
    HAL_RCC_GetPCLK1Freq                     0x08002175   Thumb Code    36  stm32g4xx_hal_rcc.o(.text.HAL_RCC_GetPCLK1Freq)
    HAL_RCC_GetPCLK2Freq                     0x0800218d   Thumb Code    36  stm32g4xx_hal_rcc.o(.text.HAL_RCC_GetPCLK2Freq)
    HAL_RCC_GetSysClockFreq                  0x080021ad   Thumb Code   108  stm32g4xx_hal_rcc.o(.text.HAL_RCC_GetSysClockFreq)
    HAL_RCC_OscConfig                        0x08002219   Thumb Code  1152  stm32g4xx_hal_rcc.o(.text.HAL_RCC_OscConfig)
    HAL_SPI_Init                             0x08002699   Thumb Code   226  stm32g4xx_hal_spi.o(.text.HAL_SPI_Init)
    HAL_SPI_MspInit                          0x0800277d   Thumb Code   100  spi.o(.text.HAL_SPI_MspInit)
    HAL_SPI_Transmit                         0x080027dd   Thumb Code   426  stm32g4xx_hal_spi.o(.text.HAL_SPI_Transmit)
    HAL_SYSTICK_Config                       0x08002989   Thumb Code    40  stm32g4xx_hal_cortex.o(.text.HAL_SYSTICK_Config)
    HAL_UARTEx_DisableFifoMode               0x080029b1   Thumb Code    54  stm32g4xx_hal_uart_ex.o(.text.HAL_UARTEx_DisableFifoMode)
    HAL_UARTEx_SetRxFifoThreshold            0x080029e7   Thumb Code    76  stm32g4xx_hal_uart_ex.o(.text.HAL_UARTEx_SetRxFifoThreshold)
    HAL_UARTEx_SetTxFifoThreshold            0x08002a33   Thumb Code    76  stm32g4xx_hal_uart_ex.o(.text.HAL_UARTEx_SetTxFifoThreshold)
    HAL_UART_Init                            0x08002a7f   Thumb Code   100  stm32g4xx_hal_uart.o(.text.HAL_UART_Init)
    HAL_UART_MspInit                         0x08002ae5   Thumb Code   172  usart.o(.text.HAL_UART_MspInit)
    HardFault_Handler                        0x08002b8d   Thumb Code     2  stm32g4xx_it.o(.text.HardFault_Handler)
    Lcd_Address_Set                          0x08002bb1   Thumb Code    68  lcd.o(.text.Lcd_Address_Set)
    Lcd_Clear                                0x08002bf1   Thumb Code    92  lcd.o(.text.Lcd_Clear)
    Lcd_DrawPoint                            0x08002c49   Thumb Code    22  lcd.o(.text.Lcd_DrawPoint)
    Lcd_Init                                 0x08002c61   Thumb Code   340  lcd.o(.text.Lcd_Init)
    Lcd_ShowChar                             0x08002db5   Thumb Code   132  lcd.o(.text.Lcd_ShowChar)
    Lcd_ShowString                           0x08002e39   Thumb Code    82  lcd.o(.text.Lcd_ShowString)
    Lcd_WR_DATA                              0x08002e8d   Thumb Code    40  lcd.o(.text.Lcd_WR_DATA)
    Lcd_WR_DATA8                             0x08002eb1   Thumb Code    40  lcd.o(.text.Lcd_WR_DATA8)
    Lcd_WR_REG                               0x08002ed5   Thumb Code    40  lcd.o(.text.Lcd_WR_REG)
    Lcd_print                                0x08002efd   Thumb Code    40  lcd.o(.text.Lcd_print)
    MX_ADC1_Init                             0x08002f25   Thumb Code   376  adc.o(.text.MX_ADC1_Init)
    MX_DMA_Init                              0x0800309d   Thumb Code    64  dma.o(.text.MX_DMA_Init)
    MX_GPIO_Init                             0x080030dd   Thumb Code   212  gpio.o(.text.MX_GPIO_Init)
    MX_SPI1_Init                             0x080031b1   Thumb Code    88  spi.o(.text.MX_SPI1_Init)
    MX_USART1_UART_Init                      0x08003209   Thumb Code   104  usart.o(.text.MX_USART1_UART_Init)
    MemManage_Handler                        0x08003271   Thumb Code     2  stm32g4xx_it.o(.text.MemManage_Handler)
    NMI_Handler                              0x08003273   Thumb Code     2  stm32g4xx_it.o(.text.NMI_Handler)
    PendSV_Handler                           0x08003275   Thumb Code     2  stm32g4xx_it.o(.text.PendSV_Handler)
    SVC_Handler                              0x08003435   Thumb Code     2  stm32g4xx_it.o(.text.SVC_Handler)
    SysTick_Handler                          0x08003437   Thumb Code     4  stm32g4xx_it.o(.text.SysTick_Handler)
    SystemClock_Config                       0x0800343b   Thumb Code   112  main.o(.text.SystemClock_Config)
    SystemInit                               0x080034ad   Thumb Code    16  system_stm32g4xx.o(.text.SystemInit)
    UART_AdvFeatureConfig                    0x08003511   Thumb Code   212  stm32g4xx_hal_uart.o(.text.UART_AdvFeatureConfig)
    UART_CheckIdleState                      0x080035e5   Thumb Code   188  stm32g4xx_hal_uart.o(.text.UART_CheckIdleState)
    UART_SetConfig                           0x080036fd   Thumb Code   592  stm32g4xx_hal_uart.o(.text.UART_SetConfig)
    UART_WaitOnFlagUntilTimeout              0x0800394d   Thumb Code   158  stm32g4xx_hal_uart.o(.text.UART_WaitOnFlagUntilTimeout)
    UpdateSwitch                             0x080039ed   Thumb Code   164  temperature.o(.text.UpdateSwitch)
    UsageFault_Handler                       0x08003a8d   Thumb Code     2  stm32g4xx_it.o(.text.UsageFault_Handler)
    findClosest                              0x08003a91   Thumb Code   104  temperature.o(.text.findClosest)
    main                                     0x08003af9   Thumb Code   584  main.o(.text.main)
    __0vsprintf                              0x08003d41   Thumb Code    30  printfa.o(i.__0vsprintf)
    __1vsprintf                              0x08003d41   Thumb Code     0  printfa.o(i.__0vsprintf)
    __2vsprintf                              0x08003d41   Thumb Code     0  printfa.o(i.__0vsprintf)
    __c89vsprintf                            0x08003d41   Thumb Code     0  printfa.o(i.__0vsprintf)
    vsprintf                                 0x08003d41   Thumb Code     0  printfa.o(i.__0vsprintf)
    __hardfp_fabs                            0x08003d65   Thumb Code    20  fabs.o(i.__hardfp_fabs)
    __scatterload_copy                       0x08003d79   Thumb Code    14  handlers.o(i.__scatterload_copy)
    __scatterload_null                       0x08003d87   Thumb Code     2  handlers.o(i.__scatterload_null)
    __scatterload_zeroinit                   0x08003d89   Thumb Code    14  handlers.o(i.__scatterload_zeroinit)
    AHBPrescTable                            0x08004654   Data          16  system_stm32g4xx.o(.rodata.AHBPrescTable)
    APBPrescTable                            0x08004664   Data           8  system_stm32g4xx.o(.rodata.APBPrescTable)
    B3950Temp                                0x0800466c   Data         964  temperature.o(.rodata.B3950Temp)
    UARTPrescTable                           0x08004a30   Data          24  stm32g4xx_hal_uart.o(.rodata.UARTPrescTable)
    ascii_1608                               0x08004a48   Data        1520  lcd.o(.rodata.ascii_1608)
    switch_leds                              0x08005048   Data          40  temperature.o(.rodata.switch_leds)
    temp                                     0x08005070   Data         964  temperature.o(.rodata.temp)
    Region$$Table$$Base                      0x08005434   Number         0  anon$$obj.o(Region$$Table)
    Region$$Table$$Limit                     0x08005454   Number         0  anon$$obj.o(Region$$Table)
    uwTickPrio                               0x20000000   Data           4  stm32g4xx_hal.o(.data..L_MergedGlobals)
    uwTickFreq                               0x20000004   Data           4  stm32g4xx_hal.o(.data..L_MergedGlobals)
    uwTick                                   0x20000008   Data           4  stm32g4xx_hal.o(.data..L_MergedGlobals)
    SystemCoreClock                          0x2000000c   Data           4  system_stm32g4xx.o(.data.SystemCoreClock)
    envTemp                                  0x20000010   Data           4  temperature.o(.data.envTemp)
    adc_dma_buffer                           0x20000020   Data          18  main.o(.bss..L_MergedGlobals)
    temps                                    0x20000034   Data          20  main.o(.bss..L_MergedGlobals)
    voltage                                  0x20000048   Data          36  main.o(.bss..L_MergedGlobals)
    hadc1                                    0x200000ec   Data         108  adc.o(.bss.hadc1)
    hdma_adc1                                0x20000158   Data          96  adc.o(.bss.hdma_adc1)
    hspi1                                    0x200001b8   Data         100  spi.o(.bss.hspi1)
    huart1                                   0x2000021c   Data         148  usart.o(.bss.huart1)
    __initial_sp                             0x20000930   Data           0  startup_stm32g473xx.o(STACK)



==============================================================================

Memory Map of the image

  Image Entry point : 0x080001d9

  Load Region LR_IROM1 (Base: 0x08000000, Size: 0x00005480, Max: 0x00020000, ABSOLUTE)

    Execution Region ER_IROM1 (Exec base: 0x08000000, Load base: 0x08000000, Size: 0x00005454, Max: 0x00020000, ABSOLUTE)

    Exec Addr    Load Addr    Size         Type   Attr      Idx    E Section Name        Object

    0x08000000   0x08000000   0x000001d8   Data   RO            3    RESET               startup_stm32g473xx.o
    0x080001d8   0x080001d8   0x00000000   Code   RO         1297  * .ARM.Collect$$$$00000000  mc_w.l(entry.o)
    0x080001d8   0x080001d8   0x00000004   Code   RO         1336    .ARM.Collect$$$$00000001  mc_w.l(entry2.o)
    0x080001dc   0x080001dc   0x00000004   Code   RO         1339    .ARM.Collect$$$$00000004  mc_w.l(entry5.o)
    0x080001e0   0x080001e0   0x00000000   Code   RO         1341    .ARM.Collect$$$$00000008  mc_w.l(entry7b.o)
    0x080001e0   0x080001e0   0x00000000   Code   RO         1343    .ARM.Collect$$$$0000000A  mc_w.l(entry8b.o)
    0x080001e0   0x080001e0   0x00000008   Code   RO         1344    .ARM.Collect$$$$0000000B  mc_w.l(entry9a.o)
    0x080001e8   0x080001e8   0x00000000   Code   RO         1346    .ARM.Collect$$$$0000000D  mc_w.l(entry10a.o)
    0x080001e8   0x080001e8   0x00000000   Code   RO         1348    .ARM.Collect$$$$0000000F  mc_w.l(entry11a.o)
    0x080001e8   0x080001e8   0x00000004   Code   RO         1337    .ARM.Collect$$$$00002712  mc_w.l(entry2.o)
    0x080001ec   0x080001ec   0x00000024   Code   RO            4    .text               startup_stm32g473xx.o
    0x08000210   0x08000210   0x00000062   Code   RO         1300    .text               mc_w.l(uldiv.o)
    0x08000272   0x08000272   0x00000024   Code   RO         1302    .text               mc_w.l(memseta.o)
    0x08000296   0x08000296   0x00000026   Code   RO         1332    .text               mf_w.l(f2d.o)
    0x080002bc   0x080002bc   0x00000038   Code   RO         1334    .text               mf_w.l(d2f.o)
    0x080002f4   0x080002f4   0x0000002c   Code   RO         1355    .text               mc_w.l(uidiv.o)
    0x08000320   0x08000320   0x0000001e   Code   RO         1357    .text               mc_w.l(llshl.o)
    0x0800033e   0x0800033e   0x00000020   Code   RO         1359    .text               mc_w.l(llushr.o)
    0x0800035e   0x0800035e   0x00000000   Code   RO         1361    .text               mc_w.l(iusefp.o)
    0x0800035e   0x0800035e   0x0000006e   Code   RO         1362    .text               mf_w.l(fepilogue.o)
    0x080003cc   0x080003cc   0x0000014e   Code   RO         1364    .text               mf_w.l(dadd.o)
    0x0800051a   0x0800051a   0x000000e4   Code   RO         1366    .text               mf_w.l(dmul.o)
    0x080005fe   0x080005fe   0x000000de   Code   RO         1368    .text               mf_w.l(ddiv.o)
    0x080006dc   0x080006dc   0x00000030   Code   RO         1370    .text               mf_w.l(dfixul.o)
    0x0800070c   0x0800070c   0x00000030   Code   RO         1372    .text               mf_w.l(cdrcmple.o)
    0x0800073c   0x0800073c   0x00000024   Code   RO         1374    .text               mc_w.l(init.o)
    0x08000760   0x08000760   0x00000024   Code   RO         1377    .text               mc_w.l(llsshr.o)
    0x08000784   0x08000784   0x000000ba   Code   RO         1380    .text               mf_w.l(depilogue.o)
    0x0800083e   0x0800083e   0x00000002   PAD
    0x08000840   0x08000840   0x0000000c   Code   RO          180    .text.ADC1_2_IRQHandler  stm32g4xx_it.o
    0x0800084c   0x0800084c   0x00000064   Code   RO          260    .text.ADC_DMAConvCplt  stm32g4xx_hal_adc.o
    0x080008b0   0x080008b0   0x00000016   Code   RO          264    .text.ADC_DMAError  stm32g4xx_hal_adc.o
    0x080008c6   0x080008c6   0x00000006   Code   RO          262    .text.ADC_DMAHalfConvCplt  stm32g4xx_hal_adc.o
    0x080008cc   0x080008cc   0x00000070   Code   RO          240    .text.ADC_Disable   stm32g4xx_hal_adc.o
    0x0800093c   0x0800093c   0x000000c8   Code   RO          246    .text.ADC_Enable    stm32g4xx_hal_adc.o
    0x08000a04   0x08000a04   0x00000002   Code   RO          166    .text.BusFault_Handler  stm32g4xx_it.o
    0x08000a06   0x08000a06   0x00000002   PAD
    0x08000a08   0x08000a08   0x0000000c   Code   RO          178    .text.DMA1_Channel1_IRQHandler  stm32g4xx_it.o
    0x08000a14   0x08000a14   0x00000048   Code   RO          699    .text.DMA_CalcDMAMUXChannelBaseAndMask  stm32g4xx_hal_dma.o
    0x08000a5c   0x08000a5c   0x00000024   Code   RO          701    .text.DMA_CalcDMAMUXRequestGenBaseAndMask  stm32g4xx_hal_dma.o
    0x08000a80   0x08000a80   0x00000046   Code   RO          707    .text.DMA_SetConfig  stm32g4xx_hal_dma.o
    0x08000ac6   0x08000ac6   0x00000002   Code   RO          172    .text.DebugMon_Handler  stm32g4xx_it.o
    0x08000ac8   0x08000ac8   0x00000008   Code   RO           63    .text.Error_Handler  main.o
    0x08000ad0   0x08000ad0   0x00000028   Code   RO          214    .text.GetTemperature  temperature.o
    0x08000af8   0x08000af8   0x00000090   Code   RO          307    .text.HAL_ADCEx_Calibration_Start  stm32g4xx_hal_adc_ex.o
    0x08000b88   0x08000b88   0x00000002   Code   RO          339    .text.HAL_ADCEx_EndOfSamplingCallback  stm32g4xx_hal_adc_ex.o
    0x08000b8a   0x08000b8a   0x00000002   Code   RO          331    .text.HAL_ADCEx_InjectedConvCpltCallback  stm32g4xx_hal_adc_ex.o
    0x08000b8c   0x08000b8c   0x00000002   Code   RO          333    .text.HAL_ADCEx_InjectedQueueOverflowCallback  stm32g4xx_hal_adc_ex.o
    0x08000b8e   0x08000b8e   0x00000002   Code   RO          335    .text.HAL_ADCEx_LevelOutOfWindow2Callback  stm32g4xx_hal_adc_ex.o
    0x08000b90   0x08000b90   0x00000002   Code   RO          337    .text.HAL_ADCEx_LevelOutOfWindow3Callback  stm32g4xx_hal_adc_ex.o
    0x08000b92   0x08000b92   0x00000002   PAD
    0x08000b94   0x08000b94   0x00000114   Code   RO          353    .text.HAL_ADCEx_MultiModeConfigChannel  stm32g4xx_hal_adc_ex.o
    0x08000ca8   0x08000ca8   0x00000360   Code   RO          284    .text.HAL_ADC_ConfigChannel  stm32g4xx_hal_adc.o
    0x08001008   0x08001008   0x00000002   Code   RO          276    .text.HAL_ADC_ConvCpltCallback  stm32g4xx_hal_adc.o
    0x0800100a   0x0800100a   0x00000002   Code   RO          282    .text.HAL_ADC_ConvHalfCpltCallback  stm32g4xx_hal_adc.o
    0x0800100c   0x0800100c   0x00000002   Code   RO          280    .text.HAL_ADC_ErrorCallback  stm32g4xx_hal_adc.o
    0x0800100e   0x0800100e   0x00000002   PAD
    0x08001010   0x08001010   0x000002b8   Code   RO          274    .text.HAL_ADC_IRQHandler  stm32g4xx_hal_adc.o
    0x080012c8   0x080012c8   0x00000208   Code   RO          232    .text.HAL_ADC_Init  stm32g4xx_hal_adc.o
    0x080014d0   0x080014d0   0x00000002   Code   RO          278    .text.HAL_ADC_LevelOutOfWindowCallback  stm32g4xx_hal_adc.o
    0x080014d2   0x080014d2   0x00000002   PAD
    0x080014d4   0x080014d4   0x00000128   Code   RO           94    .text.HAL_ADC_MspInit  adc.o
    0x080015fc   0x080015fc   0x00000120   Code   RO          258    .text.HAL_ADC_Start_DMA  stm32g4xx_hal_adc.o
    0x0800171c   0x0800171c   0x000000aa   Code   RO          717    .text.HAL_DMA_IRQHandler  stm32g4xx_hal_dma.o
    0x080017c6   0x080017c6   0x00000002   PAD
    0x080017c8   0x080017c8   0x000000c0   Code   RO          697    .text.HAL_DMA_Init  stm32g4xx_hal_dma.o
    0x08001888   0x08001888   0x0000008c   Code   RO          709    .text.HAL_DMA_Start_IT  stm32g4xx_hal_dma.o
    0x08001914   0x08001914   0x00000020   Code   RO          395    .text.HAL_Delay     stm32g4xx_hal.o
    0x08001934   0x08001934   0x0000019c   Code   RO          641    .text.HAL_GPIO_Init  stm32g4xx_hal_gpio.o
    0x08001ad0   0x08001ad0   0x00000010   Code   RO          647    .text.HAL_GPIO_WritePin  stm32g4xx_hal_gpio.o
    0x08001ae0   0x08001ae0   0x00000008   Code   RO          387    .text.HAL_GetTick   stm32g4xx_hal.o
    0x08001ae8   0x08001ae8   0x0000000c   Code   RO          385    .text.HAL_IncTick   stm32g4xx_hal.o
    0x08001af4   0x08001af4   0x0000001c   Code   RO          375    .text.HAL_Init      stm32g4xx_hal.o
    0x08001b10   0x08001b10   0x00000044   Code   RO          377    .text.HAL_InitTick  stm32g4xx_hal.o
    0x08001b54   0x08001b54   0x00000034   Code   RO          192    .text.HAL_MspInit   stm32g4xx_hal_msp.o
    0x08001b88   0x08001b88   0x0000001c   Code   RO          891    .text.HAL_NVIC_EnableIRQ  stm32g4xx_hal_cortex.o
    0x08001ba4   0x08001ba4   0x00000058   Code   RO          889    .text.HAL_NVIC_SetPriority  stm32g4xx_hal_cortex.o
    0x08001bfc   0x08001bfc   0x00000020   Code   RO          887    .text.HAL_NVIC_SetPriorityGrouping  stm32g4xx_hal_cortex.o
    0x08001c1c   0x08001c1c   0x000000b0   Code   RO          804    .text.HAL_PWREx_ControlVoltageScaling  stm32g4xx_hal_pwr_ex.o
    0x08001ccc   0x08001ccc   0x00000010   Code   RO          874    .text.HAL_PWREx_DisableUCPDDeadBattery  stm32g4xx_hal_pwr_ex.o
    0x08001cdc   0x08001cdc   0x000002a0   Code   RO          504    .text.HAL_RCCEx_PeriphCLKConfig  stm32g4xx_hal_rcc_ex.o
    0x08001f7c   0x08001f7c   0x000001f8   Code   RO          467    .text.HAL_RCC_ClockConfig  stm32g4xx_hal_rcc.o
    0x08002174   0x08002174   0x00000018   Code   RO          475    .text.HAL_RCC_GetPCLK1Freq  stm32g4xx_hal_rcc.o
    0x0800218c   0x0800218c   0x00000020   Code   RO          477    .text.HAL_RCC_GetPCLK2Freq  stm32g4xx_hal_rcc.o
    0x080021ac   0x080021ac   0x0000006c   Code   RO          469    .text.HAL_RCC_GetSysClockFreq  stm32g4xx_hal_rcc.o
    0x08002218   0x08002218   0x00000480   Code   RO          465    .text.HAL_RCC_OscConfig  stm32g4xx_hal_rcc.o
    0x08002698   0x08002698   0x000000e2   Code   RO          940    .text.HAL_SPI_Init  stm32g4xx_hal_spi.o
    0x0800277a   0x0800277a   0x00000002   PAD
    0x0800277c   0x0800277c   0x00000060   Code   RO          126    .text.HAL_SPI_MspInit  spi.o
    0x080027dc   0x080027dc   0x000001aa   Code   RO          948    .text.HAL_SPI_Transmit  stm32g4xx_hal_spi.o
    0x08002986   0x08002986   0x00000002   PAD
    0x08002988   0x08002988   0x00000028   Code   RO          899    .text.HAL_SYSTICK_Config  stm32g4xx_hal_cortex.o
    0x080029b0   0x080029b0   0x00000036   Code   RO         1248    .text.HAL_UARTEx_DisableFifoMode  stm32g4xx_hal_uart_ex.o
    0x080029e6   0x080029e6   0x0000004c   Code   RO         1252    .text.HAL_UARTEx_SetRxFifoThreshold  stm32g4xx_hal_uart_ex.o
    0x08002a32   0x08002a32   0x0000004c   Code   RO         1250    .text.HAL_UARTEx_SetTxFifoThreshold  stm32g4xx_hal_uart_ex.o
    0x08002a7e   0x08002a7e   0x00000064   Code   RO         1078    .text.HAL_UART_Init  stm32g4xx_hal_uart.o
    0x08002ae2   0x08002ae2   0x00000002   PAD
    0x08002ae4   0x08002ae4   0x000000a8   Code   RO          144    .text.HAL_UART_MspInit  usart.o
    0x08002b8c   0x08002b8c   0x00000002   Code   RO          162    .text.HardFault_Handler  stm32g4xx_it.o
    0x08002b8e   0x08002b8e   0x00000020   Code   RO          286    .text.LL_ADC_SetChannelSamplingTime  stm32g4xx_hal_adc.o
    0x08002bae   0x08002bae   0x00000002   PAD
    0x08002bb0   0x08002bb0   0x00000040   Code   RO           21    .text.Lcd_Address_Set  lcd.o
    0x08002bf0   0x08002bf0   0x00000058   Code   RO           25    .text.Lcd_Clear     lcd.o
    0x08002c48   0x08002c48   0x00000016   Code   RO           27    .text.Lcd_DrawPoint  lcd.o
    0x08002c5e   0x08002c5e   0x00000002   PAD
    0x08002c60   0x08002c60   0x00000154   Code   RO           23    .text.Lcd_Init      lcd.o
    0x08002db4   0x08002db4   0x00000084   Code   RO           37    .text.Lcd_ShowChar  lcd.o
    0x08002e38   0x08002e38   0x00000052   Code   RO           39    .text.Lcd_ShowString  lcd.o
    0x08002e8a   0x08002e8a   0x00000002   PAD
    0x08002e8c   0x08002e8c   0x00000024   Code   RO           15    .text.Lcd_WR_DATA   lcd.o
    0x08002eb0   0x08002eb0   0x00000024   Code   RO           13    .text.Lcd_WR_DATA8  lcd.o
    0x08002ed4   0x08002ed4   0x00000028   Code   RO           19    .text.Lcd_WR_REG    lcd.o
    0x08002efc   0x08002efc   0x00000028   Code   RO           41    .text.Lcd_print     lcd.o
    0x08002f24   0x08002f24   0x00000178   Code   RO           92    .text.MX_ADC1_Init  adc.o
    0x0800309c   0x0800309c   0x00000040   Code   RO          111    .text.MX_DMA_Init   dma.o
    0x080030dc   0x080030dc   0x000000d4   Code   RO           79    .text.MX_GPIO_Init  gpio.o
    0x080031b0   0x080031b0   0x00000058   Code   RO          124    .text.MX_SPI1_Init  spi.o
    0x08003208   0x08003208   0x00000068   Code   RO          142    .text.MX_USART1_UART_Init  usart.o
    0x08003270   0x08003270   0x00000002   Code   RO          164    .text.MemManage_Handler  stm32g4xx_it.o
    0x08003272   0x08003272   0x00000002   Code   RO          160    .text.NMI_Handler   stm32g4xx_it.o
    0x08003274   0x08003274   0x00000002   Code   RO          174    .text.PendSV_Handler  stm32g4xx_it.o
    0x08003276   0x08003276   0x00000044   Code   RO          950    .text.SPI_EndRxTxTransaction  stm32g4xx_hal_spi.o
    0x080032ba   0x080032ba   0x00000002   PAD
    0x080032bc   0x080032bc   0x000000d0   Code   RO         1006    .text.SPI_WaitFifoStateUntilTimeout  stm32g4xx_hal_spi.o
    0x0800338c   0x0800338c   0x000000a8   Code   RO         1008    .text.SPI_WaitFlagStateUntilTimeout  stm32g4xx_hal_spi.o
    0x08003434   0x08003434   0x00000002   Code   RO          170    .text.SVC_Handler   stm32g4xx_it.o
    0x08003436   0x08003436   0x00000004   Code   RO          176    .text.SysTick_Handler  stm32g4xx_it.o
    0x0800343a   0x0800343a   0x00000070   Code   RO           61    .text.SystemClock_Config  main.o
    0x080034aa   0x080034aa   0x00000002   PAD
    0x080034ac   0x080034ac   0x00000010   Code   RO         1274    .text.SystemInit    system_stm32g4xx.o
    0x080034bc   0x080034bc   0x00000054   Code   RO         1246    .text.UARTEx_SetNbDataToProcess  stm32g4xx_hal_uart_ex.o
    0x08003510   0x08003510   0x000000d4   Code   RO         1082    .text.UART_AdvFeatureConfig  stm32g4xx_hal_uart.o
    0x080035e4   0x080035e4   0x000000bc   Code   RO         1086    .text.UART_CheckIdleState  stm32g4xx_hal_uart.o
    0x080036a0   0x080036a0   0x0000005c   Code   RO         1138    .text.UART_EndRxTransfer  stm32g4xx_hal_uart.o
    0x080036fc   0x080036fc   0x00000250   Code   RO         1084    .text.UART_SetConfig  stm32g4xx_hal_uart.o
    0x0800394c   0x0800394c   0x0000009e   Code   RO         1100    .text.UART_WaitOnFlagUntilTimeout  stm32g4xx_hal_uart.o
    0x080039ea   0x080039ea   0x00000002   PAD
    0x080039ec   0x080039ec   0x000000a0   Code   RO          208    .text.UpdateSwitch  temperature.o
    0x08003a8c   0x08003a8c   0x00000002   Code   RO          168    .text.UsageFault_Handler  stm32g4xx_it.o
    0x08003a8e   0x08003a8e   0x00000002   PAD
    0x08003a90   0x08003a90   0x00000068   Code   RO          212    .text.findClosest   temperature.o
    0x08003af8   0x08003af8   0x00000248   Code   RO           59    .text.main          main.o
    0x08003d40   0x08003d40   0x00000024   Code   RO         1311    i.__0vsprintf       mc_w.l(printfa.o)
    0x08003d64   0x08003d64   0x00000014   Code   RO         1291    i.__hardfp_fabs     m_wm.l(fabs.o)
    0x08003d78   0x08003d78   0x0000000e   Code   RO         1384    i.__scatterload_copy  mc_w.l(handlers.o)
    0x08003d86   0x08003d86   0x00000002   Code   RO         1385    i.__scatterload_null  mc_w.l(handlers.o)
    0x08003d88   0x08003d88   0x0000000e   Code   RO         1386    i.__scatterload_zeroinit  mc_w.l(handlers.o)
    0x08003d96   0x08003d96   0x00000002   PAD
    0x08003d98   0x08003d98   0x00000184   Code   RO         1312    i._fp_digits        mc_w.l(printfa.o)
    0x08003f1c   0x08003f1c   0x000006dc   Code   RO         1313    i._printf_core      mc_w.l(printfa.o)
    0x080045f8   0x080045f8   0x00000024   Code   RO         1314    i._printf_post_padding  mc_w.l(printfa.o)
    0x0800461c   0x0800461c   0x0000002e   Code   RO         1315    i._printf_pre_padding  mc_w.l(printfa.o)
    0x0800464a   0x0800464a   0x0000000a   Code   RO         1317    i._sputc            mc_w.l(printfa.o)
    0x08004654   0x08004654   0x00000010   Data   RO         1279    .rodata.AHBPrescTable  system_stm32g4xx.o
    0x08004664   0x08004664   0x00000008   Data   RO         1280    .rodata.APBPrescTable  system_stm32g4xx.o
    0x0800466c   0x0800466c   0x000003c4   Data   RO          219    .rodata.B3950Temp   temperature.o
    0x08004a30   0x08004a30   0x00000018   Data   RO         1216    .rodata.UARTPrescTable  stm32g4xx_hal_uart.o
    0x08004a48   0x08004a48   0x000005f0   Data   RO           45    .rodata.ascii_1608  lcd.o
    0x08005038   0x08005038   0x00000010   Data   RO         1262    .rodata.cst8        stm32g4xx_hal_uart_ex.o
    0x08005048   0x08005048   0x00000028   Data   RO          218    .rodata.switch_leds  temperature.o
    0x08005070   0x08005070   0x000003c4   Data   RO          220    .rodata.temp        temperature.o
    0x08005434   0x08005434   0x00000020   Data   RO         1382    Region$$Table       anon$$obj.o


    Execution Region RW_IRAM1 (Exec base: 0x20000000, Load base: 0x08005460, Size: 0x00000930, Max: 0x00008000, ABSOLUTE)

    Exec Addr    Load Addr    Size         Type   Attr      Idx    E Section Name        Object

    0x20000000   0x08005460   0x0000000c   Data   RW          451    .data..L_MergedGlobals  stm32g4xx_hal.o
    0x2000000c   0x0800546c   0x00000004   Data   RW         1278    .data.SystemCoreClock  system_stm32g4xx.o
    0x20000010   0x08005470   0x00000004   Data   RW          216    .data.envTemp       temperature.o
    0x20000014   0x08005474   0x0000000c   PAD
    0x20000020        -       0x0000004c   Zero   RW           67    .bss..L_MergedGlobals  main.o
    0x2000006c        -       0x00000080   Zero   RW           47    .bss.Lcd_print.buffer  lcd.o
    0x200000ec        -       0x0000006c   Zero   RW           98    .bss.hadc1          adc.o
    0x20000158        -       0x00000060   Zero   RW           99    .bss.hdma_adc1      adc.o
    0x200001b8        -       0x00000064   Zero   RW          130    .bss.hspi1          spi.o
    0x2000021c        -       0x00000094   Zero   RW          148    .bss.huart1         usart.o
    0x200002b0        -       0x00000280   Zero   RW           46    .bss.line           lcd.o
    0x20000530        -       0x00000400   Zero   RW            1    STACK               startup_stm32g473xx.o


==============================================================================

Image component sizes


      Code (inc. data)   RO Data    RW Data    ZI Data      Debug   Object Name

       672         60          0          0        204      10508   adc.o
        64          4          0          0          0       3838   dma.o
       212         16          0          0          0       2629   gpio.o
       880         40       1520          0        768       7859   lcd.o
       704        128          0          0         76       2680   main.o
       184         12          0          0        100       6220   spi.o
        36          8        472          0       1024        828   startup_stm32g473xx.o
       148          4          0         12          0      10402   stm32g4xx_hal.o
      2848        116          0          0          0      26341   stm32g4xx_hal_adc.o
       430         20          0          0          0      23535   stm32g4xx_hal_adc_ex.o
       188         24          0          0          0      11035   stm32g4xx_hal_cortex.o
       680         16          0          0          0       8178   stm32g4xx_hal_dma.o
       428         24          0          0          0       5643   stm32g4xx_hal_gpio.o
        52          4          0          0          0       1729   stm32g4xx_hal_msp.o
       192         12          0          0          0       9298   stm32g4xx_hal_pwr_ex.o
      1820         64          0          0          0       9677   stm32g4xx_hal_rcc.o
       672          8          0          0          0      11313   stm32g4xx_hal_rcc_ex.o
      1096          4          0          0          0      22537   stm32g4xx_hal_spi.o
      1342         90         24          0          0      31343   stm32g4xx_hal_uart.o
       290          8         16          0          0      10596   stm32g4xx_hal_uart_ex.o
        44          8          0          0          0       1464   stm32g4xx_it.o
        16          4         24          4          0       2949   system_stm32g4xx.o
       304         20       1968          4          0       3138   temperature.o
       272         16          0          0        148       7589   usart.o

    ----------------------------------------------------------------------
     13604        710       4056         20       2332     231329   Object Totals
         0          0         32          0          0          0   (incl. Generated)
        30          0          0          0         12          0   (incl. Padding)

    ----------------------------------------------------------------------

      Code (inc. data)   RO Data    RW Data    ZI Data      Debug   Library Member Name

        20          0          0          0          0        124   fabs.o
         0          0          0          0          0          0   entry.o
         0          0          0          0          0          0   entry10a.o
         0          0          0          0          0          0   entry11a.o
         8          4          0          0          0          0   entry2.o
         4          0          0          0          0          0   entry5.o
         0          0          0          0          0          0   entry7b.o
         0          0          0          0          0          0   entry8b.o
         8          4          0          0          0          0   entry9a.o
        30          0          0          0          0          0   handlers.o
        36          8          0          0          0         68   init.o
         0          0          0          0          0          0   iusefp.o
        30          0          0          0          0         68   llshl.o
        36          0          0          0          0         68   llsshr.o
        32          0          0          0          0         68   llushr.o
        36          0          0          0          0        108   memseta.o
      2272         86          0          0          0        516   printfa.o
        44          0          0          0          0         80   uidiv.o
        98          0          0          0          0         92   uldiv.o
        48          0          0          0          0         68   cdrcmple.o
        56          0          0          0          0         88   d2f.o
       334          0          0          0          0        148   dadd.o
       222          0          0          0          0        100   ddiv.o
       186          0          0          0          0        176   depilogue.o
        48          0          0          0          0         68   dfixul.o
       228          0          0          0          0         96   dmul.o
        38          0          0          0          0         68   f2d.o
       110          0          0          0          0        168   fepilogue.o

    ----------------------------------------------------------------------
      3928        102          0          0          0       2172   Library Totals
         4          0          0          0          0          0   (incl. Padding)

    ----------------------------------------------------------------------

      Code (inc. data)   RO Data    RW Data    ZI Data      Debug   Library Name

        20          0          0          0          0        124   m_wm.l
      2634        102          0          0          0       1068   mc_w.l
      1270          0          0          0          0        980   mf_w.l

    ----------------------------------------------------------------------
      3928        102          0          0          0       2172   Library Totals

    ----------------------------------------------------------------------

==============================================================================


      Code (inc. data)   RO Data    RW Data    ZI Data      Debug   

     17532        812       4056         20       2332     232365   Grand Totals
     17532        812       4056         20       2332     232365   ELF Image Totals
     17532        812       4056         20          0          0   ROM Totals

==============================================================================

    Total RO  Size (Code + RO Data)                21588 (  21.08kB)
    Total RW  Size (RW Data + ZI Data)              2352 (   2.30kB)
    Total ROM Size (Code + RO Data + RW Data)      21608 (  21.10kB)

==============================================================================

